Component: ARM Compiler 5.06 update 5 (build 528) Tool: armlink [4d35e2]

==============================================================================

Section Cross References

    main.o(i.lwip_test_ui) refers to tftlcd.o(i.LCD_Fill) for LCD_Fill
    main.o(i.lwip_test_ui) refers to tftlcd.o(i.LCD_ShowString) for LCD_ShowString
    main.o(i.lwip_test_ui) refers to printf5.o(i.__0sprintf$5) for __2sprintf
    main.o(i.lwip_test_ui) refers to lan8720.o(i.LAN8720_Get_Speed) for LAN8720_Get_Speed
    main.o(i.lwip_test_ui) refers to tftlcd.o(.data) for FRONT_COLOR
    main.o(i.lwip_test_ui) refers to lwip_comm.o(.bss) for lwipdev
    main.o(i.main) refers to systick.o(i.SysTick_Init) for SysTick_Init
    main.o(i.main) refers to misc.o(i.NVIC_PriorityGroupConfig) for NVIC_PriorityGroupConfig
    main.o(i.main) refers to usart.o(i.USART1_Init) for USART1_Init
    main.o(i.main) refers to led.o(i.LED_Init) for LED_Init
    main.o(i.main) refers to key.o(i.KEY_Init) for KEY_Init
    main.o(i.main) refers to tftlcd.o(i.TFTLCD_Init) for TFTLCD_Init
    main.o(i.main) refers to sram.o(i.FSMC_SRAM_Init) for FSMC_SRAM_Init
    main.o(i.main) refers to beep.o(i.BEEP_Init) for BEEP_Init
    main.o(i.main) refers to rtc.o(i.RTC_Config) for RTC_Config
    main.o(i.main) refers to adc.o(i.ADCx_Init) for ADCx_Init
    main.o(i.main) refers to adc_temp.o(i.ADC_Temp_Init) for ADC_Temp_Init
    main.o(i.main) refers to time.o(i.TIM3_Init) for TIM3_Init
    main.o(i.main) refers to malloc.o(i.my_mem_init) for my_mem_init
    main.o(i.main) refers to printf5.o(i.__0printf$5) for __2printf
    main.o(i.main) refers to main.o(i.lwip_test_ui) for lwip_test_ui
    main.o(i.main) refers to tftlcd.o(i.LCD_ShowString) for LCD_ShowString
    main.o(i.main) refers to systick.o(i.delay_ms) for delay_ms
    main.o(i.main) refers to tftlcd.o(i.LCD_Fill) for LCD_Fill
    main.o(i.main) refers to lwip_comm.o(i.lwip_comm_init) for lwip_comm_init
    main.o(i.main) refers to httpd.o(i.httpd_init) for httpd_init
    main.o(i.main) refers to key.o(i.KEY_Scan) for KEY_Scan
    main.o(i.main) refers to tcp_server_demo.o(i.tcp_server_test) for tcp_server_test
    main.o(i.main) refers to tcp_client_demo.o(i.tcp_client_test) for tcp_client_test
    main.o(i.main) refers to udp_demo.o(i.udp_demo_test) for udp_demo_test
    main.o(i.main) refers to lwip_comm.o(i.lwip_periodic_handle) for lwip_periodic_handle
    main.o(i.main) refers to tftlcd.o(.data) for FRONT_COLOR
    main.o(i.main) refers to lwip_comm.o(.bss) for lwipdev
    startup_stm32f40_41xxx.o(RESET) refers to startup_stm32f40_41xxx.o(STACK) for __initial_sp
    startup_stm32f40_41xxx.o(RESET) refers to startup_stm32f40_41xxx.o(.text) for Reset_Handler
    startup_stm32f40_41xxx.o(RESET) refers to stm32f4xx_it.o(i.NMI_Handler) for NMI_Handler
    startup_stm32f40_41xxx.o(RESET) refers to stm32f4xx_it.o(i.HardFault_Handler) for HardFault_Handler
    startup_stm32f40_41xxx.o(RESET) refers to stm32f4xx_it.o(i.MemManage_Handler) for MemManage_Handler
    startup_stm32f40_41xxx.o(RESET) refers to stm32f4xx_it.o(i.BusFault_Handler) for BusFault_Handler
    startup_stm32f40_41xxx.o(RESET) refers to stm32f4xx_it.o(i.UsageFault_Handler) for UsageFault_Handler
    startup_stm32f40_41xxx.o(RESET) refers to stm32f4xx_it.o(i.SVC_Handler) for SVC_Handler
    startup_stm32f40_41xxx.o(RESET) refers to stm32f4xx_it.o(i.DebugMon_Handler) for DebugMon_Handler
    startup_stm32f40_41xxx.o(RESET) refers to stm32f4xx_it.o(i.PendSV_Handler) for PendSV_Handler
    startup_stm32f40_41xxx.o(RESET) refers to stm32f4xx_it.o(i.SysTick_Handler) for SysTick_Handler
    startup_stm32f40_41xxx.o(RESET) refers to rtc.o(i.RTC_WKUP_IRQHandler) for RTC_WKUP_IRQHandler
    startup_stm32f40_41xxx.o(RESET) refers to time.o(i.TIM3_IRQHandler) for TIM3_IRQHandler
    startup_stm32f40_41xxx.o(RESET) refers to time.o(i.TIM4_IRQHandler) for TIM4_IRQHandler
    startup_stm32f40_41xxx.o(RESET) refers to usart.o(i.USART1_IRQHandler) for USART1_IRQHandler
    startup_stm32f40_41xxx.o(RESET) refers to rtc.o(i.RTC_Alarm_IRQHandler) for RTC_Alarm_IRQHandler
    startup_stm32f40_41xxx.o(RESET) refers to lan8720.o(i.ETH_IRQHandler) for ETH_IRQHandler
    startup_stm32f40_41xxx.o(.text) refers to system_stm32f4xx.o(i.SystemInit) for SystemInit
    startup_stm32f40_41xxx.o(.text) refers to entry.o(.ARM.Collect$$$$00000000) for __main
    stm32f4xx_gpio.o(i.GPIO_DeInit) refers to stm32f4xx_rcc.o(i.RCC_AHB1PeriphResetCmd) for RCC_AHB1PeriphResetCmd
    stm32f4xx_rcc.o(i.RCC_GetClocksFreq) refers to stm32f4xx_rcc.o(.data) for APBAHBPrescTable
    stm32f4xx_rcc.o(i.RCC_WaitForHSEStartUp) refers to stm32f4xx_rcc.o(i.RCC_GetFlagStatus) for RCC_GetFlagStatus
    stm32f4xx_syscfg.o(i.SYSCFG_DeInit) refers to stm32f4xx_rcc.o(i.RCC_APB2PeriphResetCmd) for RCC_APB2PeriphResetCmd
    stm32f4xx_tim.o(i.TIM_DeInit) refers to stm32f4xx_rcc.o(i.RCC_APB2PeriphResetCmd) for RCC_APB2PeriphResetCmd
[...]
    LCD_Pow                                  0x080018d1   Thumb Code    22  tftlcd.o(i.LCD_Pow)
    LCD_ReadData                             0x080018e9   Thumb Code     6  tftlcd.o(i.LCD_ReadData)
    LCD_Set_Window                           0x080018f5   Thumb Code    74  tftlcd.o(i.LCD_Set_Window)
    LCD_ShowChar                             0x08001941   Thumb Code   272  tftlcd.o(i.LCD_ShowChar)
    LCD_ShowString                           0x08001a69   Thumb Code   102  tftlcd.o(i.LCD_ShowString)
    LCD_ShowxNum                             0x08001acf   Thumb Code   190  tftlcd.o(i.LCD_ShowxNum)
    LCD_WriteCmd                             0x08001b8d   Thumb Code     6  tftlcd.o(i.LCD_WriteCmd)
    LCD_WriteData                            0x08001b99   Thumb Code     6  tftlcd.o(i.LCD_WriteData)
    LCD_WriteData_Color                      0x08001ba5   Thumb Code    18  tftlcd.o(i.LCD_WriteData_Color)
    LEDS_CGI_Handler                         0x08001bbd   Thumb Code   112  httpd_cgi_ssi.o(i.LEDS_CGI_Handler)
    LED_Init                                 0x08001c59   Thumb Code    82  led.o(i.LED_Init)
    MemManage_Handler                        0x08001cb1   Thumb Code     4  stm32f4xx_it.o(i.MemManage_Handler)
    NMI_Handler                              0x08001cb5   Thumb Code     2  stm32f4xx_it.o(i.NMI_Handler)
    NVIC_Init                                0x08001cb9   Thumb Code   106  misc.o(i.NVIC_Init)
    NVIC_PriorityGroupConfig                 0x08001d31   Thumb Code    10  misc.o(i.NVIC_PriorityGroupConfig)
    PWR_BackupAccessCmd                      0x08001d45   Thumb Code     6  stm32f4xx_pwr.o(i.PWR_BackupAccessCmd)
    PendSV_Handler                           0x08001d51   Thumb Code     2  stm32f4xx_it.o(i.PendSV_Handler)
    RCC_AHB1PeriphClockCmd                   0x08001d55   Thumb Code    26  stm32f4xx_rcc.o(i.RCC_AHB1PeriphClockCmd)
    RCC_AHB1PeriphResetCmd                   0x08001d75   Thumb Code    26  stm32f4xx_rcc.o(i.RCC_AHB1PeriphResetCmd)
    RCC_AHB3PeriphClockCmd                   0x08001d95   Thumb Code    26  stm32f4xx_rcc.o(i.RCC_AHB3PeriphClockCmd)
    RCC_APB1PeriphClockCmd                   0x08001db5   Thumb Code    26  stm32f4xx_rcc.o(i.RCC_APB1PeriphClockCmd)
    RCC_APB2PeriphClockCmd                   0x08001dd5   Thumb Code    26  stm32f4xx_rcc.o(i.RCC_APB2PeriphClockCmd)
    RCC_GetClocksFreq                        0x08001df5   Thumb Code   214  stm32f4xx_rcc.o(i.RCC_GetClocksFreq)
    RCC_GetFlagStatus                        0x08001edd   Thumb Code    60  stm32f4xx_rcc.o(i.RCC_GetFlagStatus)
    RCC_LSEConfig                            0x08001f1d   Thumb Code    40  stm32f4xx_rcc.o(i.RCC_LSEConfig)
    RCC_RTCCLKCmd                            0x08001f49   Thumb Code     6  stm32f4xx_rcc.o(i.RCC_RTCCLKCmd)
    RCC_RTCCLKConfig                         0x08001f55   Thumb Code    50  stm32f4xx_rcc.o(i.RCC_RTCCLKConfig)
    RTC_Alarm_IRQHandler                     0x08001f91   Thumb Code    36  rtc.o(i.RTC_Alarm_IRQHandler)
    RTC_ClearFlag                            0x08001fed   Thumb Code    24  stm32f4xx_rtc.o(i.RTC_ClearFlag)
    RTC_Config                               0x08002009   Thumb Code   138  rtc.o(i.RTC_Config)
    RTC_EnterInitMode                        0x08002095   Thumb Code    76  stm32f4xx_rtc.o(i.RTC_EnterInitMode)
    RTC_ExitInitMode                         0x080020e5   Thumb Code    14  stm32f4xx_rtc.o(i.RTC_ExitInitMode)
    RTC_GetDate                              0x080020f9   Thumb Code    68  stm32f4xx_rtc.o(i.RTC_GetDate)
    RTC_GetFlagStatus                        0x08002145   Thumb Code    32  stm32f4xx_rtc.o(i.RTC_GetFlagStatus)
    RTC_GetTime                              0x0800216d   Thumb Code    72  stm32f4xx_rtc.o(i.RTC_GetTime)
    RTC_Init                                 0x080021bd   Thumb Code    94  stm32f4xx_rtc.o(i.RTC_Init)
    RTC_ReadBackupRegister                   0x08002221   Thumb Code    26  stm32f4xx_rtc.o(i.RTC_ReadBackupRegister)
    RTC_SetDate                              0x08002241   Thumb Code   190  stm32f4xx_rtc.o(i.RTC_SetDate)
    RTC_SetTime                              0x08002309   Thumb Code   198  stm32f4xx_rtc.o(i.RTC_SetTime)
    RTC_Set_Date                             0x080023d9   Thumb Code    36  rtc.o(i.RTC_Set_Date)
    RTC_Set_Time                             0x080023fd   Thumb Code    36  rtc.o(i.RTC_Set_Time)
    RTC_WKUP_IRQHandler                      0x08002421   Thumb Code   124  rtc.o(i.RTC_WKUP_IRQHandler)
    RTC_WaitForSynchro                       0x080024ed   Thumb Code    92  stm32f4xx_rtc.o(i.RTC_WaitForSynchro)
    RTC_WriteBackupRegister                  0x0800254d   Thumb Code    24  stm32f4xx_rtc.o(i.RTC_WriteBackupRegister)
    SVC_Handler                              0x08002569   Thumb Code     2  stm32f4xx_it.o(i.SVC_Handler)
    SYSCFG_ETH_MediaInterfaceConfig          0x0800256d   Thumb Code     6  stm32f4xx_syscfg.o(i.SYSCFG_ETH_MediaInterfaceConfig)
    SysTick_CLKSourceConfig                  0x08002665   Thumb Code    40  misc.o(i.SysTick_CLKSourceConfig)
    SysTick_Handler                          0x0800268d   Thumb Code     2  stm32f4xx_it.o(i.SysTick_Handler)
    SysTick_Init                             0x08002691   Thumb Code    52  systick.o(i.SysTick_Init)
    SystemInit                               0x080026cd   Thumb Code    88  system_stm32f4xx.o(i.SystemInit)
    TFTLCD_FSMC_Init                         0x08002735   Thumb Code   126  tftlcd.o(i.TFTLCD_FSMC_Init)
    TFTLCD_GPIO_Init                         0x080027b5   Thumb Code   416  tftlcd.o(i.TFTLCD_GPIO_Init)
    TFTLCD_Init                              0x0800296d   Thumb Code   426  tftlcd.o(i.TFTLCD_Init)
    TIM3_IRQHandler                          0x08002b2d   Thumb Code    34  time.o(i.TIM3_IRQHandler)
    TIM3_Init                                0x08002b59   Thumb Code    96  time.o(i.TIM3_Init)
    TIM4_IRQHandler                          0x08002bbd   Thumb Code    38  time.o(i.TIM4_IRQHandler)
    TIM_ClearITPendingBit                    0x08002bed   Thumb Code     6  stm32f4xx_tim.o(i.TIM_ClearITPendingBit)
    TIM_Cmd                                  0x08002bf3   Thumb Code    24  stm32f4xx_tim.o(i.TIM_Cmd)
    TIM_GetITStatus                          0x08002c0b   Thumb Code    34  stm32f4xx_tim.o(i.TIM_GetITStatus)
    TIM_ITConfig                             0x08002c2d   Thumb Code    18  stm32f4xx_tim.o(i.TIM_ITConfig)
    TIM_TimeBaseInit                         0x08002c41   Thumb Code   104  stm32f4xx_tim.o(i.TIM_TimeBaseInit)
    USART1_IRQHandler                        0x08002cc5   Thumb Code   122  usart.o(i.USART1_IRQHandler)
    USART1_Init                              0x08002d4d   Thumb Code   172  usart.o(i.USART1_Init)
    USART_ClearFlag                          0x08002e01   Thumb Code    18  stm32f4xx_usart.o(i.USART_ClearFlag)
    USART_Cmd                                0x08002e13   Thumb Code    24  stm32f4xx_usart.o(i.USART_Cmd)
    USART_GetFlagStatus                      0x08002e2b   Thumb Code    26  stm32f4xx_usart.o(i.USART_GetFlagStatus)
    USART_GetITStatus                        0x08002e45   Thumb Code    84  stm32f4xx_usart.o(i.USART_GetITStatus)
    USART_ITConfig                           0x08002e99   Thumb Code    74  stm32f4xx_usart.o(i.USART_ITConfig)
    USART_Init                               0x08002ee5   Thumb Code   204  stm32f4xx_usart.o(i.USART_Init)
    USART_ReceiveData                        0x08002fb9   Thumb Code    10  stm32f4xx_usart.o(i.USART_ReceiveData)
    USART_SendData                           0x08002fc3   Thumb Code     8  stm32f4xx_usart.o(i.USART_SendData)
    UsageFault_Handler                       0x08002fcb   Thumb Code     4  stm32f4xx_it.o(i.UsageFault_Handler)
    __0printf$5                              0x08002fd1   Thumb Code    22  printf5.o(i.__0printf$5)
    __1printf$5                              0x08002fd1   Thumb Code     0  printf5.o(i.__0printf$5)
    __2printf                                0x08002fd1   Thumb Code     0  printf5.o(i.__0printf$5)
    __0sprintf$5                             0x08002ff1   Thumb Code    34  printf5.o(i.__0sprintf$5)
    __1sprintf$5                             0x08002ff1   Thumb Code     0  printf5.o(i.__0sprintf$5)
    __2sprintf                               0x08002ff1   Thumb Code     0  printf5.o(i.__0sprintf$5)
    __scatterload_copy                       0x08003019   Thumb Code    14  handlers.o(i.__scatterload_copy)
    __scatterload_null                       0x08003027   Thumb Code     2  handlers.o(i.__scatterload_null)
    __scatterload_zeroinit                   0x08003029   Thumb Code    14  handlers.o(i.__scatterload_zeroinit)
    delay_ms                                 0x08003321   Thumb Code    56  systick.o(i.delay_ms)
    delay_nms                                0x08003359   Thumb Code    72  systick.o(i.delay_nms)
    etharp_output                            0x08003849   Thumb Code   374  etharp.o(i.etharp_output)
    etharp_query                             0x08003b59   Thumb Code   436  etharp.o(i.etharp_query)
    etharp_request                           0x08003f45   Thumb Code    36  etharp.o(i.etharp_request)
    etharp_tmr                               0x08004019   Thumb Code   136  etharp.o(i.etharp_tmr)
    ethernet_input                           0x080041ed   Thumb Code   196  etharp.o(i.ethernet_input)
    ethernetif_init                          0x08004329   Thumb Code    56  ethernetif.o(i.ethernetif_init)
    ethernetif_input                         0x080043c9   Thumb Code    44  ethernetif.o(i.ethernetif_input)
    fputc                                    0x08004475   Thumb Code    32  usart.o(i.fputc)
    fs_bytes_left                            0x08004499   Thumb Code    10  fs.o(i.fs_bytes_left)
    fs_close                                 0x080044a3   Thumb Code    12  fs.o(i.fs_close)
    fs_open                                  0x08004521   Thumb Code    70  fs.o(i.fs_open)
    fs_read                                  0x0800456d   Thumb Code    62  fs.o(i.fs_read)
    http_set_cgi_handlers                    0x0800556d   Thumb Code    66  httpd.o(i.http_set_cgi_handlers)
    http_set_ssi_handler                     0x08005639   Thumb Code    96  httpd.o(i.http_set_ssi_handler)
    httpd_cgi_init                           0x0800584d   Thumb Code    20  httpd_cgi_ssi.o(i.httpd_cgi_init)
    httpd_init                               0x08005869   Thumb Code    18  httpd.o(i.httpd_init)
    httpd_ssi_init                           0x080059b9   Thumb Code    16  httpd_cgi_ssi.o(i.httpd_ssi_init)
    icmp_dest_unreach                        0x080059d1   Thumb Code    18  icmp.o(i.icmp_dest_unreach)
    icmp_input                               0x080059e5   Thumb Code   450  icmp.o(i.icmp_input)
    icmp_time_exceeded                       0x08005df9   Thumb Code    18  icmp.o(i.icmp_time_exceeded)
    inet_chksum                              0x08005e0b   Thumb Code    20  inet_chksum.o(i.inet_chksum)
    inet_chksum_pbuf                         0x08005e1f   Thumb Code    86  inet_chksum.o(i.inet_chksum_pbuf)
    ip4_addr_isbroadcast                     0x08005e75   Thumb Code    78  ip_addr.o(i.ip4_addr_isbroadcast)
    ip_frag                                  0x08005ec5   Thumb Code   448  ip_frag.o(i.ip_frag)
    ip_input                                 0x08006191   Thumb Code   376  ip.o(i.ip_input)
    ip_output                                0x0800631d   Thumb Code    80  ip.o(i.ip_output)
    ip_output_if                             0x080063c9   Thumb Code   240  ip.o(i.ip_output_if)
    ip_reass                                 0x08006549   Thumb Code   386  ip_frag.o(i.ip_reass)
    ip_reass_tmr                             0x08006d45   Thumb Code    48  ip_frag.o(i.ip_reass_tmr)
    ip_route                                 0x08006d79   Thumb Code    76  ip.o(i.ip_route)
    lwip_comm_default_ip_set                 0x08006fdd   Thumb Code    92  lwip_comm.o(i.lwip_comm_default_ip_set)
    lwip_comm_init                           0x0800703d   Thumb Code   276  lwip_comm.o(i.lwip_comm_init)
    lwip_comm_mem_free                       0x08007229   Thumb Code    24  lwip_comm.o(i.lwip_comm_mem_free)
    lwip_comm_mem_malloc                     0x08007249   Thumb Code    60  lwip_comm.o(i.lwip_comm_mem_malloc)
    lwip_htonl                               0x0800728d   Thumb Code    26  def.o(i.lwip_htonl)
    lwip_htons                               0x080072a7   Thumb Code    12  def.o(i.lwip_htons)
    lwip_init                                0x080072b3   Thumb Code    28  init.o(i.lwip_init)
    lwip_ntohl                               0x080072cf   Thumb Code    12  def.o(i.lwip_ntohl)
    lwip_ntohs                               0x080072db   Thumb Code    12  def.o(i.lwip_ntohs)
    lwip_periodic_handle                     0x080072e9   Thumb Code    60  lwip_comm.o(i.lwip_periodic_handle)
    lwip_pkt_handle                          0x08007331   Thumb Code    10  lwip_comm.o(i.lwip_pkt_handle)
    lwip_test_ui                             0x080073a1   Thumb Code   350  main.o(i.lwip_test_ui)
    main                                     0x080075e9   Thumb Code   406  main.o(i.main)
    mem_free                                 0x08007841   Thumb Code   148  mem.o(i.mem_free)
    mem_init                                 0x0800797d   Thumb Code    78  mem.o(i.mem_init)
    mem_malloc                               0x080079dd   Thumb Code   366  mem.o(i.mem_malloc)
    mem_trim                                 0x08007c45   Thumb Code   308  mem.o(i.mem_trim)
    memp_free                                0x08007e09   Thumb Code    58  memp.o(i.memp_free)
    memp_get_memorysize                      0x08007eb5   Thumb Code     8  memp.o(i.memp_get_memorysize)
    memp_init                                0x08007ebd   Thumb Code    86  memp.o(i.memp_init)
    memp_malloc                              0x08007f25   Thumb Code    86  memp.o(i.memp_malloc)
    my_mem_free                              0x08008011   Thumb Code    96  malloc.o(i.my_mem_free)
    my_mem_init                              0x0800807d   Thumb Code    54  malloc.o(i.my_mem_init)
    my_mem_malloc                            0x080080c1   Thumb Code   156  malloc.o(i.my_mem_malloc)
    my_mem_perused                           0x08008169   Thumb Code    54  malloc.o(i.my_mem_perused)
    my_mem_set                               0x080081a9   Thumb Code    20  malloc.o(i.my_mem_set)
    myfree                                   0x080081bd   Thumb Code    30  malloc.o(i.myfree)
    mymalloc                                 0x080081e1   Thumb Code    34  malloc.o(i.mymalloc)
    netif_add                                0x08008209   Thumb Code   118  netif.o(i.netif_add)
    netif_init                               0x080082f1   Thumb Code     2  netif.o(i.netif_init)
    netif_set_addr                           0x080082f3   Thumb Code    40  netif.o(i.netif_set_addr)
    netif_set_default                        0x0800831d   Thumb Code     6  netif.o(i.netif_set_default)
    netif_set_gw                             0x08008329   Thumb Code    12  netif.o(i.netif_set_gw)
    netif_set_ipaddr                         0x08008335   Thumb Code   110  netif.o(i.netif_set_ipaddr)
    netif_set_netmask                        0x080083ad   Thumb Code    12  netif.o(i.netif_set_netmask)
    netif_set_up                             0x080083b9   Thumb Code    54  netif.o(i.netif_set_up)
    pbuf_alloc                               0x080083f1   Thumb Code   638  pbuf.o(i.pbuf_alloc)
    pbuf_alloced_custom                      0x080087fd   Thumb Code   140  pbuf.o(i.pbuf_alloced_custom)
    pbuf_cat                                 0x080088f9   Thumb Code   126  pbuf.o(i.pbuf_cat)
    pbuf_chain                               0x08008a3d   Thumb Code    22  pbuf.o(i.pbuf_chain)
    pbuf_clen                                0x08008a53   Thumb Code    18  pbuf.o(i.pbuf_clen)
    pbuf_copy                                0x08008a65   Thumb Code   318  pbuf.o(i.pbuf_copy)
    pbuf_copy_partial                        0x08008c91   Thumb Code   182  pbuf.o(i.pbuf_copy_partial)
    pbuf_free                                0x08008dd9   Thumb Code   244  pbuf.o(i.pbuf_free)
    pbuf_header                              0x08008f79   Thumb Code   192  pbuf.o(i.pbuf_header)
    pbuf_realloc                             0x080090c1   Thumb Code   248  pbuf.o(i.pbuf_realloc)
    pbuf_ref                                 0x08009281   Thumb Code    10  pbuf.o(i.pbuf_ref)
    pbuf_take                                0x0800928d   Thumb Code   194  pbuf.o(i.pbuf_take)
    raw_input                                0x080095b1   Thumb Code   102  raw.o(i.raw_input)
    sys_now                                  0x08009671   Thumb Code     6  sys_arch.o(i.sys_now)
    sys_timeout                              0x0800967d   Thumb Code   174  timers.o(i.sys_timeout)
    sys_timeouts_init                        0x080097c1   Thumb Code    36  timers.o(i.sys_timeouts_init)
    tcp_abandon                              0x080097f1   Thumb Code   160  tcp.o(i.tcp_abandon)
    tcp_abort                                0x0800991d   Thumb Code    14  tcp.o(i.tcp_abort)
    tcp_accept                               0x0800992b   Thumb Code     4  tcp.o(i.tcp_accept)
    tcp_alloc                                0x08009939   Thumb Code   172  tcp.o(i.tcp_alloc)
    tcp_arg                                  0x080099f5   Thumb Code     4  tcp.o(i.tcp_arg)
    tcp_bind                                 0x080099f9   Thumb Code   162  tcp.o(i.tcp_bind)
    tcp_client_connected                     0x08009b19   Thumb Code   120  tcp_client_demo.o(i.tcp_client_connected)
    tcp_client_connection_close              0x08009ba5   Thumb Code    76  tcp_client_demo.o(i.tcp_client_connection_close)
    tcp_client_error                         0x08009bf5   Thumb Code     2  tcp_client_demo.o(i.tcp_client_error)
    tcp_client_poll                          0x08009bf9   Thumb Code   138  tcp_client_demo.o(i.tcp_client_poll)
    tcp_client_recv                          0x08009c8d   Thumb Code   212  tcp_client_demo.o(i.tcp_client_recv)
    tcp_client_senddata                      0x08009dd1   Thumb Code    86  tcp_client_demo.o(i.tcp_client_senddata)
    tcp_client_sent                          0x08009e27   Thumb Code    30  tcp_client_demo.o(i.tcp_client_sent)
    tcp_client_set_remoteip                  0x08009e45   Thumb Code   316  tcp_client_demo.o(i.tcp_client_set_remoteip)
    tcp_client_test                          0x08009fed   Thumb Code   732  tcp_client_demo.o(i.tcp_client_test)
    tcp_close                                0x0800a3ad   Thumb Code    28  tcp.o(i.tcp_close)
    tcp_connect                              0x0800a611   Thumb Code   344  tcp.o(i.tcp_connect)
    tcp_eff_send_mss                         0x0800a8a1   Thumb Code    46  tcp.o(i.tcp_eff_send_mss)
    tcp_enqueue_flags                        0x0800a8d1   Thumb Code   396  tcp_out.o(i.tcp_enqueue_flags)
    tcp_err                                  0x0800ab59   Thumb Code    40  tcp.o(i.tcp_err)
    tcp_fasttmr                              0x0800abf5   Thumb Code   110  tcp.o(i.tcp_fasttmr)
    tcp_init                                 0x0800ac71   Thumb Code     2  tcp.o(i.tcp_init)
    tcp_input                                0x0800ac75   Thumb Code  1652  tcp_in.o(i.tcp_input)
    tcp_keepalive                            0x0800b311   Thumb Code    68  tcp_out.o(i.tcp_keepalive)
    tcp_listen_with_backlog                  0x0800b515   Thumb Code   218  tcp.o(i.tcp_listen_with_backlog)
    tcp_new                                  0x0800b671   Thumb Code    10  tcp.o(i.tcp_new)
    tcp_next_iss                             0x0800b6e5   Thumb Code    20  tcp.o(i.tcp_next_iss)
    tcp_output                               0x0800b701   Thumb Code   492  tcp_out.o(i.tcp_output)
    tcp_pcb_purge                            0x0800bd11   Thumb Code    64  tcp.o(i.tcp_pcb_purge)
    tcp_pcb_remove                           0x0800bd51   Thumb Code   184  tcp.o(i.tcp_pcb_remove)
    tcp_poll                                 0x0800be8d   Thumb Code    46  tcp.o(i.tcp_poll)
    tcp_process_refused_data                 0x0800c599   Thumb Code   140  tcp.o(i.tcp_process_refused_data)
    tcp_recv                                 0x0800cf05   Thumb Code    38  tcp.o(i.tcp_recv)
    tcp_recv_null                            0x0800cfa1   Thumb Code    46  tcp.o(i.tcp_recv_null)
    tcp_recved                               0x0800cfd1   Thumb Code   124  tcp.o(i.tcp_recved)
    tcp_rexmit                               0x0800d0e5   Thumb Code    90  tcp_out.o(i.tcp_rexmit)
    tcp_rexmit_fast                          0x0800d13f   Thumb Code   112  tcp_out.o(i.tcp_rexmit_fast)
    tcp_rexmit_rto                           0x0800d1af   Thumb Code    58  tcp_out.o(i.tcp_rexmit_rto)
    tcp_rst                                  0x0800d1e9   Thumb Code   148  tcp_out.o(i.tcp_rst)
    tcp_seg_free                             0x0800d2fd   Thumb Code    26  tcp.o(i.tcp_seg_free)
    tcp_segs_free                            0x0800d317   Thumb Code    24  tcp.o(i.tcp_segs_free)
    tcp_send_empty_ack                       0x0800d32f   Thumb Code    78  tcp_out.o(i.tcp_send_empty_ack)
    tcp_send_fin                             0x0800d37d   Thumb Code    74  tcp_out.o(i.tcp_send_fin)
    tcp_sent                                 0x0800d3c9   Thumb Code    38  tcp.o(i.tcp_sent)
    tcp_server_accept                        0x0800d465   Thumb Code   138  tcp_server_demo.o(i.tcp_server_accept)
    tcp_server_connection_close              0x0800d509   Thumb Code    76  tcp_server_demo.o(i.tcp_server_connection_close)
    tcp_server_error                         0x0800d559   Thumb Code    24  tcp_server_demo.o(i.tcp_server_error)
    tcp_server_poll                          0x0800d581   Thumb Code   138  tcp_server_demo.o(i.tcp_server_poll)
    tcp_server_recv                          0x0800d615   Thumb Code   250  tcp_server_demo.o(i.tcp_server_recv)
    tcp_server_remove_timewait               0x0800d785   Thumb Code    58  tcp_server_demo.o(i.tcp_server_remove_timewait)
    tcp_server_senddata                      0x0800d7c9   Thumb Code    98  tcp_server_demo.o(i.tcp_server_senddata)
    tcp_server_sent                          0x0800d82b   Thumb Code    30  tcp_server_demo.o(i.tcp_server_sent)
    tcp_server_test                          0x0800d849   Thumb Code   650  tcp_server_demo.o(i.tcp_server_test)
    tcp_setprio                              0x0800db91   Thumb Code     4  tcp.o(i.tcp_setprio)
    tcp_slowtmr                              0x0800db95   Thumb Code  1420  tcp.o(i.tcp_slowtmr)
    tcp_timer_needed                         0x0800e14d   Thumb Code    38  timers.o(i.tcp_timer_needed)
    tcp_tmr                                  0x0800e231   Thumb Code    30  tcp.o(i.tcp_tmr)
    tcp_update_rcv_ann_wnd                   0x0800e255   Thumb Code   102  tcp.o(i.tcp_update_rcv_ann_wnd)
    tcp_write                                0x0800e325   Thumb Code  1502  tcp_out.o(i.tcp_write)
    tcp_zero_window_probe                    0x0800eacd   Thumb Code   164  tcp_out.o(i.tcp_zero_window_probe)
    udp_bind                                 0x0800eba9   Thumb Code   146  udp.o(i.udp_bind)
    udp_connect                              0x0800ec99   Thumb Code    94  udp.o(i.udp_connect)
    udp_demo_connection_close                0x0800ecfd   Thumb Code    18  udp_demo.o(i.udp_demo_connection_close)
    udp_demo_recv                            0x0800ed11   Thumb Code   160  udp_demo.o(i.udp_demo_recv)
    udp_demo_senddata                        0x0800edbd   Thumb Code    50  udp_demo.o(i.udp_demo_senddata)
    udp_demo_set_remoteip                    0x0800edf5   Thumb Code   316  udp_demo.o(i.udp_demo_set_remoteip)
    udp_demo_test                            0x0800ef99   Thumb Code   638  udp_demo.o(i.udp_demo_test)
    udp_disconnect                           0x0800f2fd   Thumb Code    16  udp.o(i.udp_disconnect)
    udp_init                                 0x0800f30d   Thumb Code     2  udp.o(i.udp_init)
    udp_input                                0x0800f311   Thumb Code   434  udp.o(i.udp_input)
    udp_new                                  0x0800f545   Thumb Code    28  udp.o(i.udp_new)
    udp_recv                                 0x0800f5b9   Thumb Code     6  udp.o(i.udp_recv)
    udp_remove                               0x0800f5c1   Thumb Code    60  udp.o(i.udp_remove)
    udp_send                                 0x0800f601   Thumb Code    20  udp.o(i.udp_send)
    udp_sendto                               0x0800f615   Thumb Code    46  udp.o(i.udp_sendto)
    udp_sendto_if                            0x0800f645   Thumb Code   230  udp.o(i.udp_sendto_if)
    ascii_1206                               0x0800f7a8   Data        1140  tftlcd.o(.constdata)
    ascii_1608                               0x0800fc1c   Data        1520  tftlcd.o(.constdata)
    ascii_2412                               0x0801020c   Data        3420  tftlcd.o(.constdata)
    ascii_3216                               0x08010f68   Data       12160  tftlcd.o(.constdata)
    CnChar32x29                              0x08013ee8   Data         472  tftlcd.o(.constdata)
    memtblsize                               0x080140c0   Data          12  malloc.o(.constdata)
    memblksize                               0x080140cc   Data          12  malloc.o(.constdata)
    memsize                                  0x080140d8   Data          12  malloc.o(.constdata)
    file__STM32F4x7_files_logo_jpg           0x08023104   Data          20  fs.o(.constdata)
    file__STM32F4x7_files_ST_gif             0x08023118   Data          20  fs.o(.constdata)
    file__STM32F4x7_files_stm32_jpg          0x0802312c   Data          20  fs.o(.constdata)
    file__STM32F4x7_files_Thumbs_db          0x08023140   Data          20  fs.o(.constdata)
    file__404_html                           0x08023154   Data          20  fs.o(.constdata)
    file__index_html                         0x08023168   Data          20  fs.o(.constdata)
    file__STM32F4x7ADC_shtml                 0x0802317c   Data          20  fs.o(.constdata)
    file__STM32F4x7LED_html                  0x08023190   Data          20  fs.o(.constdata)
    g_psDefaultFilenames                     0x080231a4   Data          40  httpd.o(.constdata)
    g_pcTagLeadIn                            0x080231cc   Data           4  httpd.o(.constdata)
    g_pcTagLeadOut                           0x080231d0   Data           4  httpd.o(.constdata)
    LEDS_CGI                                 0x080231d4   Data           8  httpd_cgi_ssi.o(.constdata)
    ethbroadcast                             0x080231dc   Data           6  etharp.o(.constdata)
    ethzero                                  0x080231e2   Data           6  etharp.o(.constdata)
    ip_addr_any                              0x080231e8   Data           4  ip_addr.o(.constdata)
    ip_addr_broadcast                        0x080231ec   Data           4  ip_addr.o(.constdata)
    tcp_state_str                            0x08023218   Data          44  tcp.o(.constdata)
    tcp_backoff                              0x08023244   Data          13  tcp.o(.constdata)
    tcp_persist_backoff                      0x08023251   Data           7  tcp.o(.constdata)
    tcp_pcb_lists                            0x08023258   Data          16  tcp.o(.constdata)
    Region$$Table$$Base                      0x08023478   Number         0  anon$$obj.o(Region$$Table)
    Region$$Table$$Limit                     0x08023498   Number         0  anon$$obj.o(Region$$Table)
    mem3base                                 0x10000000   Data       61440  malloc.o(.ARM.__AT_0x10000000)
    mem3mapbase                              0x1000f000   Data        3840  malloc.o(.ARM.__AT_0x1000F000)
    DMATxDescToSet                           0x20000010   Data           4  stm32f4x7_eth.o(.data)
    DMARxDescToGet                           0x20000014   Data           4  stm32f4x7_eth.o(.data)
    DMA_RX_FRAME_infos                       0x20000018   Data           4  stm32f4x7_eth.o(.data)
    Frame_Rx_index                           0x2000001c   Data           4  stm32f4x7_eth.o(.data)
    USART1_RX_STA                            0x20000024   Data           2  usart.o(.data)
    FRONT_COLOR                              0x20000026   Data           2  tftlcd.o(.data)
    BACK_COLOR                               0x20000028   Data           2  tftlcd.o(.data)
    tftlcd_data                              0x2000002a   Data           8  tftlcd.o(.data)
    DMARxDscrTab                             0x20000034   Data           4  lan8720.o(.data)
    DMATxDscrTab                             0x20000038   Data           4  lan8720.o(.data)
    Rx_Buff                                  0x2000003c   Data           4  lan8720.o(.data)
    Tx_Buff                                  0x20000040   Data           4  lan8720.o(.data)
    RTC_TimeStruct                           0x20000044   Data           4  rtc.o(.data)
    RTC_DateStruct                           0x20000048   Data           4  rtc.o(.data)
    malloc_cortol                            0x2000004c   Data          36  malloc.o(.data)
    TCPTimer                                 0x20000070   Data           4  lwip_comm.o(.data)
    ARPTimer                                 0x20000074   Data           4  lwip_comm.o(.data)
    lwip_localtime                           0x20000078   Data           4  lwip_comm.o(.data)
    tcp_client_sendbuf                       0x2000007c   Data           4  tcp_client_demo.o(.data)
    tcp_client_flag                          0x20000080   Data           1  tcp_client_demo.o(.data)
    tcp_server_sendbuf                       0x20000084   Data           4  tcp_server_demo.o(.data)
    tcp_server_flag                          0x20000088   Data           1  tcp_server_demo.o(.data)
    tcp_demo_sendbuf                         0x2000008c   Data           4  udp_demo.o(.data)
    udp_demo_flag                            0x20000090   Data           1  udp_demo.o(.data)
    g_pcSSIExtensions                        0x20000094   Data          16  httpd.o(.data)
    g_pfnSSIHandler                          0x200000a4   Data           4  httpd.o(.data)
    g_iNumTags                               0x200000a8   Data           4  httpd.o(.data)
    g_ppcTags                                0x200000ac   Data           4  httpd.o(.data)
    g_pCGIs                                  0x200000b0   Data           4  httpd.o(.data)
    g_iNumCGIs                               0x200000b4   Data           4  httpd.o(.data)
    ADC_Page_SSI_Handler                     0x200000b8   Data           4  httpd_cgi_ssi.o(.data)
    ADC_not_configured                       0x200000bc   Data           4  httpd_cgi_ssi.o(.data)
    TAGCHAR                                  0x200000c0   Data           4  httpd_cgi_ssi.o(.data)
    TAGS                                     0x200000c4   Data           4  httpd_cgi_ssi.o(.data)
    CGI_TAB                                  0x200000c8   Data           8  httpd_cgi_ssi.o(.data)
    current_netif                            0x200000d4   Data           4  ip.o(.data)
    current_header                           0x200000d8   Data           4  ip.o(.data)
    current_iphdr_src                        0x200000dc   Data           4  ip.o(.data)
    current_iphdr_dest                       0x200000e0   Data           4  ip.o(.data)
    ram_heap                                 0x200000f0   Data           4  mem.o(.data)
    memp_memory                              0x20000100   Data           4  memp.o(.data)
    netif_list                               0x20000104   Data           4  netif.o(.data)
    netif_default                            0x20000108   Data           4  netif.o(.data)
    tcp_ticks                                0x20000118   Data           4  tcp.o(.data)
    tcp_bound_pcbs                           0x2000011c   Data           4  tcp.o(.data)
    tcp_listen_pcbs                          0x20000120   Data           4  tcp.o(.data)
    tcp_active_pcbs                          0x20000124   Data           4  tcp.o(.data)
    tcp_tw_pcbs                              0x20000128   Data           4  tcp.o(.data)
    tcp_tmp_pcb                              0x2000012c   Data           4  tcp.o(.data)
    tcp_active_pcbs_changed                  0x20000130   Data           1  tcp.o(.data)
    tcp_input_pcb                            0x20000154   Data           4  tcp_in.o(.data)
    udp_pcbs                                 0x20000168   Data           4  udp.o(.data)
    __stdout                                 0x2000016c   Data           4  stdout.o(.data)
    RX_Frame_Descriptor                      0x20000170   Data          12  stm32f4x7_eth.o(.bss)
    USART1_RX_BUF                            0x2000017c   Data         200  usart.o(.bss)
    buf                                      0x20000244   Data          40  rtc.o(.bss)
    mem1base                                 0x20000280   Data       102400  malloc.o(.bss)
    mem1mapbase                              0x20019280   Data        6400  malloc.o(.bss)
    lwipdev                                  0x2001ab80   Data          23  lwip_comm.o(.bss)
    lwip_netif                               0x2001ab98   Data          48  lwip_comm.o(.bss)
    tcp_client_recvbuf                       0x2001abc8   Data         200  tcp_client_demo.o(.bss)
    tcp_server_recvbuf                       0x2001ac90   Data         200  tcp_server_demo.o(.bss)
    udp_demo_recvbuf                         0x2001ad58   Data         200  udp_demo.o(.bss)
    fs_memory                                0x2001ae20   Data         240  fs.o(.bss)
    __initial_sp                             0x2001bc10   Data           0  startup_stm32f40_41xxx.o(STACK)
    mem2base                                 0x68000000   Data       983040  malloc.o(.ARM.__AT_0x68000000)
    mem2mapbase                              0x680f0000   Data       61440  malloc.o(.ARM.__AT_0x680F0000)



==============================================================================

Memory Map of the image

  Image Entry point : 0x08000189

  Load Region LR_IROM1 (Base: 0x08000000, Size: 0x00023608, Max: 0x00100000, ABSOLUTE, COMPRESSED[0x000234f8])

    Execution Region ER_IROM1 (Exec base: 0x08000000, Load base: 0x08000000, Size: 0x00023498, Max: 0x00100000, ABSOLUTE)

    Exec Addr    Load Addr    Size         Type   Attr      Idx    E Section Name        Object

    0x08000000   0x08000000   0x00000188   Data   RO          371    RESET               startup_stm32f40_41xxx.o
    0x08000188   0x08000188   0x00000000   Code   RO         7256  * .ARM.Collect$$$$00000000  mc_w.l(entry.o)
    0x08000188   0x08000188   0x00000004   Code   RO         7552    .ARM.Collect$$$$00000001  mc_w.l(entry2.o)
    0x0800018c   0x0800018c   0x00000004   Code   RO         7555    .ARM.Collect$$$$00000004  mc_w.l(entry5.o)
    0x08000190   0x08000190   0x00000000   Code   RO         7557    .ARM.Collect$$$$00000008  mc_w.l(entry7b.o)
    0x08000190   0x08000190   0x00000000   Code   RO         7559    .ARM.Collect$$$$0000000A  mc_w.l(entry8b.o)
    0x08000190   0x08000190   0x00000008   Code   RO         7560    .ARM.Collect$$$$0000000B  mc_w.l(entry9a.o)
    0x08000198   0x08000198   0x00000000   Code   RO         7562    .ARM.Collect$$$$0000000D  mc_w.l(entry10a.o)
    0x08000198   0x08000198   0x00000000   Code   RO         7564    .ARM.Collect$$$$0000000F  mc_w.l(entry11a.o)
    0x08000198   0x08000198   0x00000004   Code   RO         7553    .ARM.Collect$$$$00002712  mc_w.l(entry2.o)
    0x0800019c   0x0800019c   0x00000024   Code   RO          372    .text               startup_stm32f40_41xxx.o
    0x080001c0   0x080001c0   0x00000024   Code   RO         7259    .text               mc_w.l(memcpya.o)
    0x080001e4   0x080001e4   0x00000024   Code   RO         7261    .text               mc_w.l(memseta.o)
    0x08000208   0x08000208   0x00000024   Code   RO         7263    .text               mc_w.l(strstr.o)
    0x0800022c   0x0800022c   0x00000014   Code   RO         7265    .text               mc_w.l(strchr.o)
    0x08000240   0x08000240   0x0000000e   Code   RO         7267    .text               mc_w.l(strlen.o)
    0x0800024e   0x0800024e   0x0000001c   Code   RO         7269    .text               mc_w.l(strcmp.o)
    0x0800026a   0x0800026a   0x0000001a   Code   RO         7271    .text               mc_w.l(memcmp.o)
    0x08000284   0x08000284   0x0000001e   Code   RO         7273    .text               mc_w.l(strncmp.o)
    0x080002a2   0x080002a2   0x00000062   Code   RO         7569    .text               mc_w.l(uldiv.o)
    0x08000304   0x08000304   0x0000001e   Code   RO         7571    .text               mc_w.l(llshl.o)
    0x08000322   0x08000322   0x00000020   Code   RO         7573    .text               mc_w.l(llushr.o)
    0x08000342   0x08000342   0x00000002   PAD
    0x08000344   0x08000344   0x00000024   Code   RO         7584    .text               mc_w.l(init.o)
    0x08000368   0x08000368   0x00000056   Code   RO         7594    .text               mc_w.l(__dczerorl2.o)
    0x080003be   0x080003be   0x00000016   Code   RO         2057    i.ADC_Cmd           stm32f4xx_adc.o
    0x080003d4   0x080003d4   0x00000030   Code   RO         2058    i.ADC_CommonInit    stm32f4xx_adc.o
    0x08000404   0x08000404   0x00000008   Code   RO         2069    i.ADC_GetConversionValue  stm32f4xx_adc.o
    0x0800040c   0x0800040c   0x00000012   Code   RO         2070    i.ADC_GetFlagStatus  stm32f4xx_adc.o
    0x0800041e   0x0800041e   0x00000002   PAD
    0x08000420   0x08000420   0x000000bc   Code   RO         5757    i.ADC_Handler       httpd_cgi_ssi.o
    0x080004dc   0x080004dc   0x00000054   Code   RO         2077    i.ADC_Init          stm32f4xx_adc.o
    0x08000530   0x08000530   0x000000b8   Code   RO         2082    i.ADC_RegularChannelConfig  stm32f4xx_adc.o
    0x080005e8   0x080005e8   0x0000000a   Code   RO         2084    i.ADC_SoftwareStartConv  stm32f4xx_adc.o
    0x080005f2   0x080005f2   0x00000002   PAD
    0x080005f4   0x080005f4   0x0000002c   Code   RO         2087    i.ADC_TempSensorVrefintCmd  stm32f4xx_adc.o
    0x08000620   0x08000620   0x00000054   Code   RO         4792    i.ADC_Temp_Init     adc_temp.o
    0x08000674   0x08000674   0x00000074   Code   RO         4759    i.ADCx_Init         adc.o
    0x080006e8   0x080006e8   0x00000040   Code   RO         4831    i.BEEP_Init         beep.o
    0x08000728   0x08000728   0x00000004   Code   RO          275    i.BusFault_Handler  stm32f4xx_it.o
    0x0800072c   0x0800072c   0x00000002   Code   RO          276    i.DebugMon_Handler  stm32f4xx_it.o
    0x0800072e   0x0800072e   0x00000020   Code   RO         4892    i.ETHERNET_NVICConfiguration  lan8720.o
    0x0800074e   0x0800074e   0x00000002   PAD
    0x08000750   0x08000750   0x0000000c   Code   RO         3836    i.ETH_DMAClearITPendingBit  stm32f4x7_eth.o
    0x0800075c   0x0800075c   0x00000020   Code   RO         3837    i.ETH_DMAITConfig   stm32f4x7_eth.o
    0x0800077c   0x0800077c   0x00000024   Code   RO         3838    i.ETH_DMAReceptionCmd  stm32f4x7_eth.o
    0x080007a0   0x080007a0   0x00000064   Code   RO         3839    i.ETH_DMARxDescChainInit  stm32f4x7_eth.o
    0x08000804   0x08000804   0x00000024   Code   RO         3841    i.ETH_DMATransmissionCmd  stm32f4x7_eth.o
    0x08000828   0x08000828   0x00000050   Code   RO         3844    i.ETH_DMATxDescChainInit  stm32f4x7_eth.o
    0x08000878   0x08000878   0x00000008   Code   RO         3845    i.ETH_DMATxDescChecksumInsertionConfig  stm32f4x7_eth.o
    0x08000880   0x08000880   0x00000016   Code   RO         3850    i.ETH_DeInit        stm32f4x7_eth.o
    0x08000896   0x08000896   0x0000001c   Code   RO         3851    i.ETH_Delay         stm32f4x7_eth.o
    0x080008b2   0x080008b2   0x00000002   PAD
    0x080008b4   0x080008b4   0x00000014   Code   RO         3853    i.ETH_FlushTransmitFIFO  stm32f4x7_eth.o
    0x080008c8   0x080008c8   0x0000000c   Code   RO         4893    i.ETH_GetCurrentTxBuffer  lan8720.o
    0x080008d4   0x080008d4   0x0000000a   Code   RO         3865    i.ETH_GetDMARxDescFrameLength  stm32f4x7_eth.o
    0x080008de   0x080008de   0x0000002a   Code   RO         3878    i.ETH_GetRxPktSize  stm32f4x7_eth.o
    0x08000908   0x08000908   0x00000018   Code   RO         3879    i.ETH_GetSoftwareResetStatus  stm32f4x7_eth.o
    0x08000920   0x08000920   0x00000028   Code   RO         4894    i.ETH_IRQHandler    lan8720.o
    0x08000948   0x08000948   0x00000298   Code   RO         3884    i.ETH_Init          stm32f4x7_eth.o
    0x08000be0   0x08000be0   0x00000034   Code   RO         3886    i.ETH_MACAddressConfig  stm32f4x7_eth.o
    0x08000c14   0x08000c14   0x0000008c   Code   RO         4895    i.ETH_MACDMA_Config  lan8720.o
    0x08000ca0   0x08000ca0   0x00000024   Code   RO         3891    i.ETH_MACReceptionCmd  stm32f4x7_eth.o
    0x08000cc4   0x08000cc4   0x00000024   Code   RO         3892    i.ETH_MACTransmissionCmd  stm32f4x7_eth.o
    0x08000ce8   0x08000ce8   0x0000003c   Code   RO         4896    i.ETH_Mem_Free      lan8720.o
    0x08000d24   0x08000d24   0x0000006c   Code   RO         4897    i.ETH_Mem_Malloc    lan8720.o
    0x08000d90   0x08000d90   0x0000006c   Code   RO         3904    i.ETH_ReadPHYRegister  stm32f4x7_eth.o
    0x08000dfc   0x08000dfc   0x0000009c   Code   RO         4898    i.ETH_Rx_Packet     lan8720.o
    0x08000e98   0x08000e98   0x00000014   Code   RO         3912    i.ETH_SoftwareReset  stm32f4x7_eth.o
    0x08000eac   0x08000eac   0x00000020   Code   RO         3913    i.ETH_Start         stm32f4x7_eth.o
    0x08000ecc   0x08000ecc   0x000000b2   Code   RO         3914    i.ETH_StructInit    stm32f4x7_eth.o
    0x08000f7e   0x08000f7e   0x00000002   PAD
    0x08000f80   0x08000f80   0x00000068   Code   RO         4899    i.ETH_Tx_Packet     lan8720.o
    0x08000fe8   0x08000fe8   0x00000068   Code   RO         3916    i.ETH_WritePHYRegister  stm32f4x7_eth.o
    0x08001050   0x08001050   0x0000000c   Code   RO          928    i.EXTI_ClearITPendingBit  stm32f4xx_exti.o
    0x0800105c   0x0800105c   0x00000034   Code   RO         3085    i.FSMC_NORSRAMCmd   stm32f4xx_fsmc.o
    0x08001090   0x08001090   0x00000128   Code   RO         3087    i.FSMC_NORSRAMInit  stm32f4xx_fsmc.o
    0x080011b8   0x080011b8   0x000002cc   Code   RO         5043    i.FSMC_SRAM_Init    sram.o
    0x08001484   0x08001484   0x00000090   Code   RO          380    i.GPIO_Init         stm32f4xx_gpio.o
    0x08001514   0x08001514   0x00000046   Code   RO          381    i.GPIO_PinAFConfig  stm32f4xx_gpio.o
    0x0800155a   0x0800155a   0x00000004   Code   RO          387    i.GPIO_ResetBits    stm32f4xx_gpio.o
    0x0800155e   0x0800155e   0x00000004   Code   RO          388    i.GPIO_SetBits      stm32f4xx_gpio.o
    0x08001562   0x08001562   0x00000002   PAD
    0x08001564   0x08001564   0x00000054   Code   RO         4760    i.Get_ADC_Value     adc.o
    0x080015b8   0x080015b8   0x00000004   Code   RO          277    i.HardFault_Handler  stm32f4xx_it.o
    0x080015bc   0x080015bc   0x00000044   Code   RO         4858    i.KEY_Init          key.o
    0x08001600   0x08001600   0x000000a0   Code   RO         4859    i.KEY_Scan          key.o
    0x080016a0   0x080016a0   0x00000012   Code   RO         4900    i.LAN8720_Get_Speed  lan8720.o
    0x080016b2   0x080016b2   0x00000002   PAD
    0x080016b4   0x080016b4   0x00000114   Code   RO         4901    i.LAN8720_Init      lan8720.o
    0x080017c8   0x080017c8   0x00000048   Code   RO         4544    i.LCD_Clear         tftlcd.o
    0x08001810   0x08001810   0x00000048   Code   RO         4546    i.LCD_Display_Dir   tftlcd.o
    0x08001858   0x08001858   0x0000001c   Code   RO         4547    i.LCD_DrawFRONT_COLOR  tftlcd.o
    0x08001874   0x08001874   0x0000005c   Code   RO         4554    i.LCD_Fill          tftlcd.o
    0x080018d0   0x080018d0   0x00000016   Code   RO         4555    i.LCD_Pow           tftlcd.o
    0x080018e6   0x080018e6   0x00000002   PAD
    0x080018e8   0x080018e8   0x0000000c   Code   RO         4557    i.LCD_ReadData      tftlcd.o
    0x080018f4   0x080018f4   0x0000004a   Code   RO         4560    i.LCD_Set_Window    tftlcd.o
    0x0800193e   0x0800193e   0x00000002   PAD
    0x08001940   0x08001940   0x00000128   Code   RO         4561    i.LCD_ShowChar      tftlcd.o
    0x08001a68   0x08001a68   0x00000066   Code   RO         4565    i.LCD_ShowString    tftlcd.o
    0x08001ace   0x08001ace   0x000000be   Code   RO         4566    i.LCD_ShowxNum      tftlcd.o
    0x08001b8c   0x08001b8c   0x0000000c   Code   RO         4567    i.LCD_WriteCmd      tftlcd.o
    0x08001b98   0x08001b98   0x0000000c   Code   RO         4569    i.LCD_WriteData     tftlcd.o
    0x08001ba4   0x08001ba4   0x00000018   Code   RO         4570    i.LCD_WriteData_Color  tftlcd.o
    0x08001bbc   0x08001bbc   0x0000009c   Code   RO         5758    i.LEDS_CGI_Handler  httpd_cgi_ssi.o
    0x08001c58   0x08001c58   0x00000058   Code   RO         4517    i.LED_Init          led.o
    0x08001cb0   0x08001cb0   0x00000004   Code   RO          278    i.MemManage_Handler  stm32f4xx_it.o
    0x08001cb4   0x08001cb4   0x00000002   Code   RO          279    i.NMI_Handler       stm32f4xx_it.o
    0x08001cb6   0x08001cb6   0x00000002   PAD
    0x08001cb8   0x08001cb8   0x00000078   Code   RO          879    i.NVIC_Init         misc.o
    0x08001d30   0x08001d30   0x00000014   Code   RO          880    i.NVIC_PriorityGroupConfig  misc.o
    0x08001d44   0x08001d44   0x0000000c   Code   RO         1937    i.PWR_BackupAccessCmd  stm32f4xx_pwr.o
    0x08001d50   0x08001d50   0x00000002   Code   RO          280    i.PendSV_Handler    stm32f4xx_it.o
    0x08001d52   0x08001d52   0x00000002   PAD
    0x08001d54   0x08001d54   0x00000020   Code   RO          481    i.RCC_AHB1PeriphClockCmd  stm32f4xx_rcc.o
    0x08001d74   0x08001d74   0x00000020   Code   RO          483    i.RCC_AHB1PeriphResetCmd  stm32f4xx_rcc.o
    0x08001d94   0x08001d94   0x00000020   Code   RO          487    i.RCC_AHB3PeriphClockCmd  stm32f4xx_rcc.o
    0x08001db4   0x08001db4   0x00000020   Code   RO          490    i.RCC_APB1PeriphClockCmd  stm32f4xx_rcc.o
    0x08001dd4   0x08001dd4   0x00000020   Code   RO          493    i.RCC_APB2PeriphClockCmd  stm32f4xx_rcc.o
    0x08001df4   0x08001df4   0x000000e8   Code   RO          502    i.RCC_GetClocksFreq  stm32f4xx_rcc.o
    0x08001edc   0x08001edc   0x00000040   Code   RO          503    i.RCC_GetFlagStatus  stm32f4xx_rcc.o
    0x08001f1c   0x08001f1c   0x0000002c   Code   RO          511    i.RCC_LSEConfig     stm32f4xx_rcc.o
    0x08001f48   0x08001f48   0x0000000c   Code   RO          525    i.RCC_RTCCLKCmd     stm32f4xx_rcc.o
    0x08001f54   0x08001f54   0x0000003c   Code   RO          526    i.RCC_RTCCLKConfig  stm32f4xx_rcc.o
    0x08001f90   0x08001f90   0x00000028   Code   RO         4976    i.RTC_Alarm_IRQHandler  rtc.o
    0x08001fb8   0x08001fb8   0x00000016   Code   RO         2552    i.RTC_Bcd2ToByte    stm32f4xx_rtc.o
    0x08001fce   0x08001fce   0x0000001c   Code   RO         2554    i.RTC_ByteToBcd2    stm32f4xx_rtc.o
    0x08001fea   0x08001fea   0x00000002   PAD
    0x08001fec   0x08001fec   0x0000001c   Code   RO         2557    i.RTC_ClearFlag     stm32f4xx_rtc.o
    0x08002008   0x08002008   0x0000008a   Code   RO         4977    i.RTC_Config        rtc.o
    0x08002092   0x08002092   0x00000002   PAD
    0x08002094   0x08002094   0x00000050   Code   RO         2564    i.RTC_EnterInitMode  stm32f4xx_rtc.o
    0x080020e4   0x080020e4   0x00000014   Code   RO         2565    i.RTC_ExitInitMode  stm32f4xx_rtc.o
    0x080020f8   0x080020f8   0x0000004c   Code   RO         2568    i.RTC_GetDate       stm32f4xx_rtc.o
    0x08002144   0x08002144   0x00000028   Code   RO         2569    i.RTC_GetFlagStatus  stm32f4xx_rtc.o
    0x0800216c   0x0800216c   0x00000050   Code   RO         2573    i.RTC_GetTime       stm32f4xx_rtc.o
    0x080021bc   0x080021bc   0x00000064   Code   RO         2578    i.RTC_Init          stm32f4xx_rtc.o
    0x08002220   0x08002220   0x00000020   Code   RO         2581    i.RTC_ReadBackupRegister  stm32f4xx_rtc.o
    0x08002240   0x08002240   0x000000c8   Code   RO         2584    i.RTC_SetDate       stm32f4xx_rtc.o
    0x08002308   0x08002308   0x000000d0   Code   RO         2585    i.RTC_SetTime       stm32f4xx_rtc.o
    0x080023d8   0x080023d8   0x00000024   Code   RO         4979    i.RTC_Set_Date      rtc.o
    0x080023fc   0x080023fc   0x00000024   Code   RO         4980    i.RTC_Set_Time      rtc.o
    0x08002420   0x08002420   0x000000cc   Code   RO         4982    i.RTC_WKUP_IRQHandler  rtc.o
    0x080024ec   0x080024ec   0x00000060   Code   RO         2601    i.RTC_WaitForSynchro  stm32f4xx_rtc.o
    0x0800254c   0x0800254c   0x0000001c   Code   RO         2604    i.RTC_WriteBackupRegister  stm32f4xx_rtc.o
    0x08002568   0x08002568   0x00000002   Code   RO          281    i.SVC_Handler       stm32f4xx_it.o
    0x0800256a   0x0800256a   0x00000002   PAD
    0x0800256c   0x0800256c   0x0000000c   Code   RO          821    i.SYSCFG_ETH_MediaInterfaceConfig  stm32f4xx_syscfg.o
    0x08002578   0x08002578   0x000000ec   Code   RO         4361    i.SetSysClock       system_stm32f4xx.o
    0x08002664   0x08002664   0x00000028   Code   RO          883    i.SysTick_CLKSourceConfig  misc.o
    0x0800268c   0x0800268c   0x00000002   Code   RO          282    i.SysTick_Handler   stm32f4xx_it.o
    0x0800268e   0x0800268e   0x00000002   PAD
    0x08002690   0x08002690   0x0000003c   Code   RO         4427    i.SysTick_Init      systick.o
    0x080026cc   0x080026cc   0x00000068   Code   RO         4363    i.SystemInit        system_stm32f4xx.o
    0x08002734   0x08002734   0x0000007e   Code   RO         4571    i.TFTLCD_FSMC_Init  tftlcd.o
    0x080027b2   0x080027b2   0x00000002   PAD
    0x080027b4   0x080027b4   0x000001b8   Code   RO         4572    i.TFTLCD_GPIO_Init  tftlcd.o
    0x0800296c   0x0800296c   0x000001c0   Code   RO         4573    i.TFTLCD_Init       tftlcd.o
    0x08002b2c   0x08002b2c   0x0000002c   Code   RO         5082    i.TIM3_IRQHandler   time.o
    0x08002b58   0x08002b58   0x00000064   Code   RO         5083    i.TIM3_Init         time.o
    0x08002bbc   0x08002bbc   0x00000030   Code   RO         5084    i.TIM4_IRQHandler   time.o
    0x08002bec   0x08002bec   0x00000006   Code   RO         1004    i.TIM_ClearITPendingBit  stm32f4xx_tim.o
    0x08002bf2   0x08002bf2   0x00000018   Code   RO         1009    i.TIM_Cmd           stm32f4xx_tim.o
    0x08002c0a   0x08002c0a   0x00000022   Code   RO         1030    i.TIM_GetITStatus   stm32f4xx_tim.o
    0x08002c2c   0x08002c2c   0x00000012   Code   RO         1034    i.TIM_ITConfig      stm32f4xx_tim.o
    0x08002c3e   0x08002c3e   0x00000002   PAD
    0x08002c40   0x08002c40   0x00000084   Code   RO         1081    i.TIM_TimeBaseInit  stm32f4xx_tim.o
    0x08002cc4   0x08002cc4   0x00000088   Code   RO         4474    i.USART1_IRQHandler  usart.o
    0x08002d4c   0x08002d4c   0x000000b4   Code   RO         4475    i.USART1_Init       usart.o
    0x08002e00   0x08002e00   0x00000012   Code   RO         1559    i.USART_ClearFlag   stm32f4xx_usart.o
    0x08002e12   0x08002e12   0x00000018   Code   RO         1563    i.USART_Cmd         stm32f4xx_usart.o
    0x08002e2a   0x08002e2a   0x0000001a   Code   RO         1566    i.USART_GetFlagStatus  stm32f4xx_usart.o
    0x08002e44   0x08002e44   0x00000054   Code   RO         1567    i.USART_GetITStatus  stm32f4xx_usart.o
    0x08002e98   0x08002e98   0x0000004a   Code   RO         1569    i.USART_ITConfig    stm32f4xx_usart.o
    0x08002ee2   0x08002ee2   0x00000002   PAD
    0x08002ee4   0x08002ee4   0x000000d4   Code   RO         1570    i.USART_Init        stm32f4xx_usart.o
    0x08002fb8   0x08002fb8   0x0000000a   Code   RO         1577    i.USART_ReceiveData  stm32f4xx_usart.o
    0x08002fc2   0x08002fc2   0x00000008   Code   RO         1580    i.USART_SendData    stm32f4xx_usart.o
    0x08002fca   0x08002fca   0x00000004   Code   RO          283    i.UsageFault_Handler  stm32f4xx_it.o
    0x08002fce   0x08002fce   0x00000002   PAD
    0x08002fd0   0x08002fd0   0x00000020   Code   RO         7410    i.__0printf$5       mc_w.l(printf5.o)
    0x08002ff0   0x08002ff0   0x00000028   Code   RO         7412    i.__0sprintf$5      mc_w.l(printf5.o)
    0x08003018   0x08003018   0x0000000e   Code   RO         7588    i.__scatterload_copy  mc_w.l(handlers.o)
    0x08003026   0x08003026   0x00000002   Code   RO         7589    i.__scatterload_null  mc_w.l(handlers.o)
    0x08003028   0x08003028   0x0000000e   Code   RO         7590    i.__scatterload_zeroinit  mc_w.l(handlers.o)
    0x08003036   0x08003036   0x00000002   PAD
    0x08003038   0x08003038   0x000002c0   Code   RO         7417    i._printf_core      mc_w.l(printf5.o)
    0x080032f8   0x080032f8   0x0000000a   Code   RO         7419    i._sputc            mc_w.l(printf5.o)
    0x08003302   0x08003302   0x00000002   PAD
    0x08003304   0x08003304   0x0000001c   Code   RO         7038    i.arp_timer         timers.o
    0x08003320   0x08003320   0x00000038   Code   RO         4428    i.delay_ms          systick.o
    0x08003358   0x08003358   0x0000004c   Code   RO         4429    i.delay_nms         systick.o
    0x080033a4   0x080033a4   0x00000194   Code   RO         5801    i.etharp_arp_input  etharp.o
    0x08003538   0x08003538   0x000002d0   Code   RO         5804    i.etharp_find_entry  etharp.o
    0x08003808   0x08003808   0x00000040   Code   RO         5805    i.etharp_free_entry  etharp.o
    0x08003848   0x08003848   0x00000200   Code   RO         5806    i.etharp_output     etharp.o
    0x08003a48   0x08003a48   0x00000110   Code   RO         5807    i.etharp_output_to_arp_index  etharp.o
    0x08003b58   0x08003b58   0x0000025c   Code   RO         5808    i.etharp_query      etharp.o
    0x08003db4   0x08003db4   0x00000190   Code   RO         5809    i.etharp_raw        etharp.o
    0x08003f44   0x08003f44   0x0000002c   Code   RO         5810    i.etharp_request    etharp.o
    0x08003f70   0x08003f70   0x000000a8   Code   RO         5811    i.etharp_send_ip    etharp.o
    0x08004018   0x08004018   0x0000008c   Code   RO         5812    i.etharp_tmr        etharp.o
    0x080040a4   0x080040a4   0x00000148   Code   RO         5813    i.etharp_update_arp_entry  etharp.o
    0x080041ec   0x080041ec   0x0000013c   Code   RO         5814    i.ethernet_input    etharp.o
    0x08004328   0x08004328   0x000000a0   Code   RO         5902    i.ethernetif_init   ethernetif.o
    0x080043c8   0x080043c8   0x0000002c   Code   RO         5903    i.ethernetif_input  ethernetif.o
    0x080043f4   0x080043f4   0x0000007e   Code   RO         5616    i.extract_uri_parameters  httpd.o
    0x08004472   0x08004472   0x00000002   PAD
    0x08004474   0x08004474   0x00000024   Code   RO         4476    i.fputc             usart.o
    0x08004498   0x08004498   0x0000000a   Code   RO         5560    i.fs_bytes_left     fs.o
    0x080044a2   0x080044a2   0x0000000c   Code   RO         5561    i.fs_close          fs.o
    0x080044ae   0x080044ae   0x00000002   PAD
    0x080044b0   0x080044b0   0x00000034   Code   RO         5562    i.fs_free           fs.o
    0x080044e4   0x080044e4   0x0000003c   Code   RO         5563    i.fs_malloc         fs.o
    0x08004520   0x08004520   0x0000004c   Code   RO         5564    i.fs_open           fs.o
    0x0800456c   0x0800456c   0x0000003e   Code   RO         5565    i.fs_read           fs.o
    0x080045aa   0x080045aa   0x00000002   PAD
    0x080045ac   0x080045ac   0x00000158   Code   RO         5617    i.get_tag_insert    httpd.o
    0x08004704   0x08004704   0x00000104   Code   RO         5618    i.http_accept       httpd.o
    0x08004808   0x08004808   0x00000050   Code   RO         5619    i.http_close_conn   httpd.o
    0x08004858   0x08004858   0x00000012   Code   RO         5620    i.http_err          httpd.o
    0x0800486a   0x0800486a   0x00000002   PAD
    0x0800486c   0x0800486c   0x00000144   Code   RO         5621    i.http_find_file    httpd.o
    0x080049b0   0x080049b0   0x0000005c   Code   RO         5622    i.http_get_404_file  httpd.o
    0x08004a0c   0x08004a0c   0x00000150   Code   RO         5623    i.http_init_file    httpd.o
    0x08004b5c   0x08004b5c   0x000001d0   Code   RO         5624    i.http_parse_request  httpd.o
    0x08004d2c   0x08004d2c   0x00000048   Code   RO         5625    i.http_poll         httpd.o
    0x08004d74   0x08004d74   0x00000138   Code   RO         5626    i.http_recv         httpd.o
    0x08004eac   0x08004eac   0x0000069a   Code   RO         5627    i.http_send_data    httpd.o
    0x08005546   0x08005546   0x00000024   Code   RO         5628    i.http_sent         httpd.o
    0x0800556a   0x0800556a   0x00000002   PAD
    0x0800556c   0x0800556c   0x000000cc   Code   RO         5629    i.http_set_cgi_handlers  httpd.o
    0x08005638   0x08005638   0x00000100   Code   RO         5630    i.http_set_ssi_handler  httpd.o
    0x08005738   0x08005738   0x0000001c   Code   RO         5631    i.http_state_alloc  httpd.o
    0x08005754   0x08005754   0x0000002a   Code   RO         5632    i.http_state_free   httpd.o
    0x0800577e   0x0800577e   0x00000002   PAD
    0x08005780   0x08005780   0x000000cc   Code   RO         5633    i.http_write        httpd.o
    0x0800584c   0x0800584c   0x0000001c   Code   RO         5759    i.httpd_cgi_init    httpd_cgi_ssi.o
    0x08005868   0x08005868   0x00000018   Code   RO         5634    i.httpd_init        httpd.o
    0x08005880   0x08005880   0x00000138   Code   RO         5635    i.httpd_init_addr   httpd.o
    0x080059b8   0x080059b8   0x00000018   Code   RO         5760    i.httpd_ssi_init    httpd_cgi_ssi.o
    0x080059d0   0x080059d0   0x00000012   Code   RO         5968    i.icmp_dest_unreach  icmp.o
    0x080059e2   0x080059e2   0x00000002   PAD
    0x080059e4   0x080059e4   0x0000030c   Code   RO         5969    i.icmp_input        icmp.o
    0x08005cf0   0x08005cf0   0x00000108   Code   RO         5970    i.icmp_send_response  icmp.o
    0x08005df8   0x08005df8   0x00000012   Code   RO         5971    i.icmp_time_exceeded  icmp.o
    0x08005e0a   0x08005e0a   0x00000014   Code   RO         6019    i.inet_chksum       inet_chksum.o
    0x08005e1e   0x08005e1e   0x00000056   Code   RO         6020    i.inet_chksum_pbuf  inet_chksum.o
    0x08005e74   0x08005e74   0x0000004e   Code   RO         6108    i.ip4_addr_isbroadcast  ip_addr.o
    0x08005ec2   0x08005ec2   0x00000002   PAD
    0x08005ec4   0x08005ec4   0x00000238   Code   RO         6161    i.ip_frag           ip_frag.o
    0x080060fc   0x080060fc   0x0000000a   Code   RO         6162    i.ip_frag_alloc_pbuf_custom_ref  ip_frag.o
    0x08006106   0x08006106   0x00000002   PAD
    0x08006108   0x08006108   0x00000088   Code   RO         6163    i.ip_frag_free_pbuf_custom_ref  ip_frag.o
    0x08006190   0x08006190   0x0000018c   Code   RO         6057    i.ip_input          ip.o
    0x0800631c   0x0800631c   0x000000ac   Code   RO         6058    i.ip_output         ip.o
    0x080063c8   0x080063c8   0x00000180   Code   RO         6059    i.ip_output_if      ip.o
    0x08006548   0x08006548   0x0000018c   Code   RO         6164    i.ip_reass          ip_frag.o
    0x080066d4   0x080066d4   0x0000030c   Code   RO         6165    i.ip_reass_chain_frag_into_datagram_and_validate  ip_frag.o
    0x080069e0   0x080069e0   0x000000b0   Code   RO         6166    i.ip_reass_dequeue_datagram  ip_frag.o
    0x08006a90   0x08006a90   0x00000054   Code   RO         6167    i.ip_reass_enqueue_new_datagram  ip_frag.o
    0x08006ae4   0x08006ae4   0x000001c8   Code   RO         6168    i.ip_reass_free_complete_datagram  ip_frag.o
    0x08006cac   0x08006cac   0x0000007c   Code   RO         6169    i.ip_reass_remove_oldest_datagram  ip_frag.o
    0x08006d28   0x08006d28   0x0000001c   Code   RO         7039    i.ip_reass_timer    timers.o
    0x08006d44   0x08006d44   0x00000034   Code   RO         6170    i.ip_reass_tmr      ip_frag.o
    0x08006d78   0x08006d78   0x00000054   Code   RO         6060    i.ip_route          ip.o
    0x08006dcc   0x08006dcc   0x000000b8   Code   RO         6171    i.ipfrag_free_pbuf_custom  ip_frag.o
    0x08006e84   0x08006e84   0x000000a4   Code   RO         5904    i.low_level_init    ethernetif.o
    0x08006f28   0x08006f28   0x00000074   Code   RO         5905    i.low_level_input   ethernetif.o
    0x08006f9c   0x08006f9c   0x0000003e   Code   RO         5906    i.low_level_output  ethernetif.o
    0x08006fda   0x08006fda   0x00000002   PAD
    0x08006fdc   0x08006fdc   0x00000060   Code   RO         5216    i.lwip_comm_default_ip_set  lwip_comm.o
    0x0800703c   0x0800703c   0x000001ec   Code   RO         5217    i.lwip_comm_init    lwip_comm.o
    0x08007228   0x08007228   0x00000020   Code   RO         5218    i.lwip_comm_mem_free  lwip_comm.o
    0x08007248   0x08007248   0x00000044   Code   RO         5219    i.lwip_comm_mem_malloc  lwip_comm.o
    0x0800728c   0x0800728c   0x0000001a   Code   RO         6227    i.lwip_htonl        def.o
    0x080072a6   0x080072a6   0x0000000c   Code   RO         6228    i.lwip_htons        def.o
    0x080072b2   0x080072b2   0x0000001c   Code   RO         6269    i.lwip_init         init.o
    0x080072ce   0x080072ce   0x0000000c   Code   RO         6229    i.lwip_ntohl        def.o
    0x080072da   0x080072da   0x0000000c   Code   RO         6230    i.lwip_ntohs        def.o
    0x080072e6   0x080072e6   0x00000002   PAD
    0x080072e8   0x080072e8   0x00000048   Code   RO         5220    i.lwip_periodic_handle  lwip_comm.o
    0x08007330   0x08007330   0x00000010   Code   RO         5221    i.lwip_pkt_handle   lwip_comm.o
    0x08007340   0x08007340   0x0000005e   Code   RO         6023    i.lwip_standard_chksum  inet_chksum.o
    0x0800739e   0x0800739e   0x00000002   PAD
    0x080073a0   0x080073a0   0x00000248   Code   RO            4    i.lwip_test_ui      main.o
    0x080075e8   0x080075e8   0x00000258   Code   RO            5    i.main              main.o
    0x08007840   0x08007840   0x0000013c   Code   RO         6306    i.mem_free          mem.o
    0x0800797c   0x0800797c   0x00000060   Code   RO         6307    i.mem_init          mem.o
    0x080079dc   0x080079dc   0x00000268   Code   RO         6308    i.mem_malloc        mem.o
    0x08007c44   0x08007c44   0x000001c4   Code   RO         6309    i.mem_trim          mem.o
    0x08007e08   0x08007e08   0x000000ac   Code   RO         6349    i.memp_free         memp.o
    0x08007eb4   0x08007eb4   0x00000008   Code   RO         6350    i.memp_get_memorysize  memp.o
    0x08007ebc   0x08007ebc   0x00000068   Code   RO         6351    i.memp_init         memp.o
    0x08007f24   0x08007f24   0x000000ec   Code   RO         6352    i.memp_malloc       memp.o
    0x08008010   0x08008010   0x0000006c   Code   RO         5133    i.my_mem_free       malloc.o
    0x0800807c   0x0800807c   0x00000044   Code   RO         5134    i.my_mem_init       malloc.o
    0x080080c0   0x080080c0   0x000000a8   Code   RO         5135    i.my_mem_malloc     malloc.o
    0x08008168   0x08008168   0x00000040   Code   RO         5136    i.my_mem_perused    malloc.o
    0x080081a8   0x080081a8   0x00000014   Code   RO         5137    i.my_mem_set        malloc.o
    0x080081bc   0x080081bc   0x00000024   Code   RO         5138    i.myfree            malloc.o
    0x080081e0   0x080081e0   0x00000028   Code   RO         5139    i.mymalloc          malloc.o
    0x08008208   0x08008208   0x000000e8   Code   RO         6393    i.netif_add         netif.o
    0x080082f0   0x080082f0   0x00000002   Code   RO         6395    i.netif_init        netif.o
    0x080082f2   0x080082f2   0x00000028   Code   RO         6397    i.netif_set_addr    netif.o
    0x0800831a   0x0800831a   0x00000002   PAD
    0x0800831c   0x0800831c   0x0000000c   Code   RO         6398    i.netif_set_default  netif.o
    0x08008328   0x08008328   0x0000000c   Code   RO         6400    i.netif_set_gw      netif.o
    0x08008334   0x08008334   0x00000078   Code   RO         6401    i.netif_set_ipaddr  netif.o
    0x080083ac   0x080083ac   0x0000000c   Code   RO         6404    i.netif_set_netmask  netif.o
    0x080083b8   0x080083b8   0x00000036   Code   RO         6405    i.netif_set_up      netif.o
    0x080083ee   0x080083ee   0x00000002   PAD
    0x080083f0   0x080083f0   0x0000040c   Code   RO         6487    i.pbuf_alloc        pbuf.o
    0x080087fc   0x080087fc   0x000000fc   Code   RO         6488    i.pbuf_alloced_custom  pbuf.o
    0x080088f8   0x080088f8   0x00000144   Code   RO         6489    i.pbuf_cat          pbuf.o
    0x08008a3c   0x08008a3c   0x00000016   Code   RO         6490    i.pbuf_chain        pbuf.o
    0x08008a52   0x08008a52   0x00000012   Code   RO         6491    i.pbuf_clen         pbuf.o
    0x08008a64   0x08008a64   0x0000022c   Code   RO         6493    i.pbuf_copy         pbuf.o
    0x08008c90   0x08008c90   0x00000148   Code   RO         6494    i.pbuf_copy_partial  pbuf.o
    0x08008dd8   0x08008dd8   0x000001a0   Code   RO         6496    i.pbuf_free         pbuf.o
    0x08008f78   0x08008f78   0x00000148   Code   RO         6498    i.pbuf_header       pbuf.o
    0x080090c0   0x080090c0   0x000001c0   Code   RO         6501    i.pbuf_realloc      pbuf.o
    0x08009280   0x08009280   0x0000000a   Code   RO         6502    i.pbuf_ref          pbuf.o
    0x0800928a   0x0800928a   0x00000002   PAD
    0x0800928c   0x0800928c   0x00000174   Code   RO         6504    i.pbuf_take         pbuf.o
    0x08009400   0x08009400   0x000001b0   Code   RO         6310    i.plug_holes        mem.o
    0x080095b0   0x080095b0   0x00000074   Code   RO         6603    i.raw_input         raw.o
    0x08009624   0x08009624   0x0000004a   Code   RO         5636    i.strnstr           httpd.o
    0x0800966e   0x0800966e   0x00000002   PAD
    0x08009670   0x08009670   0x0000000c   Code   RO         7183    i.sys_now           sys_arch.o
    0x0800967c   0x0800967c   0x00000144   Code   RO         7042    i.sys_timeout       timers.o
    0x080097c0   0x080097c0   0x00000030   Code   RO         7043    i.sys_timeouts_init  timers.o
    0x080097f0   0x080097f0   0x0000012c   Code   RO         6663    i.tcp_abandon       tcp.o
    0x0800991c   0x0800991c   0x0000000e   Code   RO         6664    i.tcp_abort         tcp.o
    0x0800992a   0x0800992a   0x00000004   Code   RO         6665    i.tcp_accept        tcp.o
    0x0800992e   0x0800992e   0x00000008   Code   RO         6666    i.tcp_accept_null   tcp.o
    0x08009936   0x08009936   0x00000002   PAD
    0x08009938   0x08009938   0x000000bc   Code   RO         6667    i.tcp_alloc         tcp.o
    0x080099f4   0x080099f4   0x00000004   Code   RO         6668    i.tcp_arg           tcp.o
    0x080099f8   0x080099f8   0x00000120   Code   RO         6669    i.tcp_bind          tcp.o
    0x08009b18   0x08009b18   0x0000008c   Code   RO         5315    i.tcp_client_connected  tcp_client_demo.o
    0x08009ba4   0x08009ba4   0x00000050   Code   RO         5316    i.tcp_client_connection_close  tcp_client_demo.o
    0x08009bf4   0x08009bf4   0x00000002   Code   RO         5317    i.tcp_client_error  tcp_client_demo.o
    0x08009bf6   0x08009bf6   0x00000002   PAD
    0x08009bf8   0x08009bf8   0x00000094   Code   RO         5318    i.tcp_client_poll   tcp_client_demo.o
    0x08009c8c   0x08009c8c   0x00000144   Code   RO         5319    i.tcp_client_recv   tcp_client_demo.o
    0x08009dd0   0x08009dd0   0x00000056   Code   RO         5320    i.tcp_client_senddata  tcp_client_demo.o
    0x08009e26   0x08009e26   0x0000001e   Code   RO         5321    i.tcp_client_sent   tcp_client_demo.o
    0x08009e44   0x08009e44   0x000001a8   Code   RO         5322    i.tcp_client_set_remoteip  tcp_client_demo.o
    0x08009fec   0x08009fec   0x000003c0   Code   RO         5323    i.tcp_client_test   tcp_client_demo.o
    0x0800a3ac   0x0800a3ac   0x0000001c   Code   RO         6670    i.tcp_close         tcp.o
    0x0800a3c8   0x0800a3c8   0x00000248   Code   RO         6671    i.tcp_close_shutdown  tcp.o
    0x0800a610   0x0800a610   0x000001e4   Code   RO         6672    i.tcp_connect       tcp.o
    0x0800a7f4   0x0800a7f4   0x000000ac   Code   RO         6940    i.tcp_create_segment  tcp_out.o
    0x0800a8a0   0x0800a8a0   0x0000002e   Code   RO         6674    i.tcp_eff_send_mss  tcp.o
    0x0800a8ce   0x0800a8ce   0x00000002   PAD
    0x0800a8d0   0x0800a8d0   0x00000288   Code   RO         6941    i.tcp_enqueue_flags  tcp_out.o
    0x0800ab58   0x0800ab58   0x0000009c   Code   RO         6675    i.tcp_err           tcp.o
    0x0800abf4   0x0800abf4   0x0000007c   Code   RO         6676    i.tcp_fasttmr       tcp.o
    0x0800ac70   0x0800ac70   0x00000002   Code   RO         6677    i.tcp_init          tcp.o
    0x0800ac72   0x0800ac72   0x00000002   PAD
    0x0800ac74   0x0800ac74   0x0000069c   Code   RO         6892    i.tcp_input         tcp_in.o
    0x0800b310   0x0800b310   0x00000044   Code   RO         6942    i.tcp_keepalive     tcp_out.o
    0x0800b354   0x0800b354   0x00000054   Code   RO         6678    i.tcp_kill_prio     tcp.o
    0x0800b3a8   0x0800b3a8   0x0000003c   Code   RO         6679    i.tcp_kill_timewait  tcp.o
    0x0800b3e4   0x0800b3e4   0x00000130   Code   RO         6893    i.tcp_listen_input  tcp_in.o
    0x0800b514   0x0800b514   0x0000015c   Code   RO         6680    i.tcp_listen_with_backlog  tcp.o
    0x0800b670   0x0800b670   0x0000000a   Code   RO         6681    i.tcp_new           tcp.o
    0x0800b67a   0x0800b67a   0x00000002   PAD
    0x0800b67c   0x0800b67c   0x00000068   Code   RO         6682    i.tcp_new_port      tcp.o
    0x0800b6e4   0x0800b6e4   0x0000001c   Code   RO         6683    i.tcp_next_iss      tcp.o
    0x0800b700   0x0800b700   0x00000280   Code   RO         6943    i.tcp_output        tcp_out.o
    0x0800b980   0x0800b980   0x00000114   Code   RO         6944    i.tcp_output_alloc_header  tcp_out.o
    0x0800ba94   0x0800ba94   0x000000d0   Code   RO         6945    i.tcp_output_segment  tcp_out.o
    0x0800bb64   0x0800bb64   0x000000b8   Code   RO         6894    i.tcp_parseopt      tcp_in.o
    0x0800bc1c   0x0800bc1c   0x000000f4   Code   RO         6946    i.tcp_pbuf_prealloc  tcp_out.o
    0x0800bd10   0x0800bd10   0x00000040   Code   RO         6684    i.tcp_pcb_purge     tcp.o
    0x0800bd50   0x0800bd50   0x0000013c   Code   RO         6685    i.tcp_pcb_remove    tcp.o
    0x0800be8c   0x0800be8c   0x0000009c   Code   RO         6686    i.tcp_poll          tcp.o
    0x0800bf28   0x0800bf28   0x00000670   Code   RO         6895    i.tcp_process       tcp_in.o
    0x0800c598   0x0800c598   0x0000008c   Code   RO         6687    i.tcp_process_refused_data  tcp.o
    0x0800c624   0x0800c624   0x000008e0   Code   RO         6896    i.tcp_receive       tcp_in.o
    0x0800cf04   0x0800cf04   0x0000009c   Code   RO         6688    i.tcp_recv          tcp.o
    0x0800cfa0   0x0800cfa0   0x0000002e   Code   RO         6689    i.tcp_recv_null     tcp.o
    0x0800cfce   0x0800cfce   0x00000002   PAD
    0x0800cfd0   0x0800cfd0   0x00000114   Code   RO         6690    i.tcp_recved        tcp.o
    0x0800d0e4   0x0800d0e4   0x0000005a   Code   RO         6947    i.tcp_rexmit        tcp_out.o
    0x0800d13e   0x0800d13e   0x00000070   Code   RO         6948    i.tcp_rexmit_fast   tcp_out.o
    0x0800d1ae   0x0800d1ae   0x0000003a   Code   RO         6949    i.tcp_rexmit_rto    tcp_out.o
    0x0800d1e8   0x0800d1e8   0x00000114   Code   RO         6950    i.tcp_rst           tcp_out.o
    0x0800d2fc   0x0800d2fc   0x0000001a   Code   RO         6691    i.tcp_seg_free      tcp.o
    0x0800d316   0x0800d316   0x00000018   Code   RO         6692    i.tcp_segs_free     tcp.o
    0x0800d32e   0x0800d32e   0x0000004e   Code   RO         6951    i.tcp_send_empty_ack  tcp_out.o
    0x0800d37c   0x0800d37c   0x0000004a   Code   RO         6952    i.tcp_send_fin      tcp_out.o
    0x0800d3c6   0x0800d3c6   0x00000002   PAD
    0x0800d3c8   0x0800d3c8   0x0000009c   Code   RO         6693    i.tcp_sent          tcp.o
    0x0800d464   0x0800d464   0x000000a4   Code   RO         5404    i.tcp_server_accept  tcp_server_demo.o
    0x0800d508   0x0800d508   0x00000050   Code   RO         5405    i.tcp_server_connection_close  tcp_server_demo.o
    0x0800d558   0x0800d558   0x00000028   Code   RO         5406    i.tcp_server_error  tcp_server_demo.o
    0x0800d580   0x0800d580   0x00000094   Code   RO         5407    i.tcp_server_poll   tcp_server_demo.o
    0x0800d614   0x0800d614   0x00000170   Code   RO         5408    i.tcp_server_recv   tcp_server_demo.o
    0x0800d784   0x0800d784   0x00000044   Code   RO         5409    i.tcp_server_remove_timewait  tcp_server_demo.o
    0x0800d7c8   0x0800d7c8   0x00000062   Code   RO         5410    i.tcp_server_senddata  tcp_server_demo.o
    0x0800d82a   0x0800d82a   0x0000001e   Code   RO         5411    i.tcp_server_sent   tcp_server_demo.o
    0x0800d848   0x0800d848   0x00000348   Code   RO         5412    i.tcp_server_test   tcp_server_demo.o
    0x0800db90   0x0800db90   0x00000004   Code   RO         6694    i.tcp_setprio       tcp.o
    0x0800db94   0x0800db94   0x000005b8   Code   RO         6696    i.tcp_slowtmr       tcp.o
    0x0800e14c   0x0800e14c   0x00000038   Code   RO         7045    i.tcp_timer_needed  timers.o
    0x0800e184   0x0800e184   0x000000ac   Code   RO         6897    i.tcp_timewait_input  tcp_in.o
    0x0800e230   0x0800e230   0x00000024   Code   RO         6697    i.tcp_tmr           tcp.o
    0x0800e254   0x0800e254   0x000000d0   Code   RO         6698    i.tcp_update_rcv_ann_wnd  tcp.o
    0x0800e324   0x0800e324   0x00000638   Code   RO         6953    i.tcp_write         tcp_out.o
    0x0800e95c   0x0800e95c   0x00000170   Code   RO         6954    i.tcp_write_checks  tcp_out.o
    0x0800eacc   0x0800eacc   0x000000a4   Code   RO         6955    i.tcp_zero_window_probe  tcp_out.o
    0x0800eb70   0x0800eb70   0x00000038   Code   RO         7046    i.tcpip_tcp_timer   timers.o
    0x0800eba8   0x0800eba8   0x000000f0   Code   RO         7097    i.udp_bind          udp.o
    0x0800ec98   0x0800ec98   0x00000064   Code   RO         7098    i.udp_connect       udp.o
    0x0800ecfc   0x0800ecfc   0x00000012   Code   RO         5485    i.udp_demo_connection_close  udp_demo.o
    0x0800ed0e   0x0800ed0e   0x00000002   PAD
    0x0800ed10   0x0800ed10   0x000000ac   Code   RO         5486    i.udp_demo_recv     udp_demo.o
    0x0800edbc   0x0800edbc   0x00000038   Code   RO         5487    i.udp_demo_senddata  udp_demo.o
    0x0800edf4   0x0800edf4   0x000001a4   Code   RO         5488    i.udp_demo_set_remoteip  udp_demo.o
    0x0800ef98   0x0800ef98   0x00000364   Code   RO         5489    i.udp_demo_test     udp_demo.o
    0x0800f2fc   0x0800f2fc   0x00000010   Code   RO         7099    i.udp_disconnect    udp.o
    0x0800f30c   0x0800f30c   0x00000002   Code   RO         7100    i.udp_init          udp.o
    0x0800f30e   0x0800f30e   0x00000002   PAD
    0x0800f310   0x0800f310   0x00000234   Code   RO         7101    i.udp_input         udp.o
    0x0800f544   0x0800f544   0x0000001c   Code   RO         7102    i.udp_new           udp.o
    0x0800f560   0x0800f560   0x00000058   Code   RO         7103    i.udp_new_port      udp.o
    0x0800f5b8   0x0800f5b8   0x00000006   Code   RO         7104    i.udp_recv          udp.o
    0x0800f5be   0x0800f5be   0x00000002   PAD
    0x0800f5c0   0x0800f5c0   0x00000040   Code   RO         7105    i.udp_remove        udp.o
    0x0800f600   0x0800f600   0x00000014   Code   RO         7106    i.udp_send          udp.o
    0x0800f614   0x0800f614   0x0000002e   Code   RO         7107    i.udp_sendto        udp.o
    0x0800f642   0x0800f642   0x00000002   PAD
    0x0800f644   0x0800f644   0x00000164   Code   RO         7108    i.udp_sendto_if     udp.o
    0x0800f7a8   0x0800f7a8   0x00004918   Data   RO         4574    .constdata          tftlcd.o
    0x080140c0   0x080140c0   0x00000024   Data   RO         5146    .constdata          malloc.o
    0x080140e4   0x080140e4   0x0000f0c0   Data   RO         5567    .constdata          fs.o
    0x080231a4   0x080231a4   0x00000030   Data   RO         5638    .constdata          httpd.o
    0x080231d4   0x080231d4   0x00000008   Data   RO         5761    .constdata          httpd_cgi_ssi.o
    0x080231dc   0x080231dc   0x0000000c   Data   RO         5816    .constdata          etharp.o
    0x080231e8   0x080231e8   0x00000008   Data   RO         6115    .constdata          ip_addr.o
    0x080231f0   0x080231f0   0x00000028   Data   RO         6354    .constdata          memp.o
    0x08023218   0x08023218   0x00000050   Data   RO         6699    .constdata          tcp.o
    0x08023268   0x08023268   0x00000029   Data   RO         5325    .conststring        tcp_client_demo.o
    0x08023291   0x08023291   0x00000003   PAD
    0x08023294   0x08023294   0x00000029   Data   RO         5414    .conststring        tcp_server_demo.o
    0x080232bd   0x080232bd   0x00000003   PAD
    0x080232c0   0x080232c0   0x00000027   Data   RO         5491    .conststring        udp_demo.o
    0x080232e7   0x080232e7   0x00000001   PAD
    0x080232e8   0x080232e8   0x0000006a   Data   RO         5639    .conststring        httpd.o
    0x08023352   0x08023352   0x00000002   PAD
    0x08023354   0x08023354   0x0000000e   Data   RO         5762    .conststring        httpd_cgi_ssi.o
    0x08023362   0x08023362   0x00000002   PAD
    0x08023364   0x08023364   0x00000044   Data   RO         5817    .conststring        etharp.o
    0x080233a8   0x080233a8   0x00000075   Data   RO         6700    .conststring        tcp.o
    0x0802341d   0x0802341d   0x00000003   PAD
    0x08023420   0x08023420   0x00000055   Data   RO         6956    .conststring        tcp_out.o
    0x08023475   0x08023475   0x00000003   PAD
    0x08023478   0x08023478   0x00000020   Data   RO         7586    Region$$Table       anon$$obj.o


    Execution Region RW_IRAM1 (Exec base: 0x20000000, Load base: 0x08023498, Size: 0x0001bc10, Max: 0x00020000, ABSOLUTE, COMPRESSED[0x00000060])

    Exec Addr    Load Addr    Size         Type   Attr      Idx    E Section Name        Object

    0x20000000   COMPRESSED   0x00000010   Data   RW          534    .data               stm32f4xx_rcc.o
    0x20000010   COMPRESSED   0x00000010   Data   RW         3918    .data               stm32f4x7_eth.o
    0x20000020   COMPRESSED   0x00000004   Data   RW         4431    .data               systick.o
    0x20000024   COMPRESSED   0x00000002   Data   RW         4478    .data               usart.o
    0x20000026   COMPRESSED   0x0000000c   Data   RW         4575    .data               tftlcd.o
    0x20000032   COMPRESSED   0x00000001   Data   RW         4860    .data               key.o
    0x20000033   COMPRESSED   0x00000001   PAD
    0x20000034   COMPRESSED   0x00000010   Data   RW         4902    .data               lan8720.o
    0x20000044   COMPRESSED   0x00000008   Data   RW         4984    .data               rtc.o
    0x2000004c   COMPRESSED   0x00000024   Data   RW         5147    .data               malloc.o
    0x20000070   COMPRESSED   0x0000000c   Data   RW         5223    .data               lwip_comm.o
    0x2000007c   COMPRESSED   0x00000005   Data   RW         5326    .data               tcp_client_demo.o
    0x20000081   COMPRESSED   0x00000003   PAD
    0x20000084   COMPRESSED   0x00000005   Data   RW         5415    .data               tcp_server_demo.o
    0x20000089   COMPRESSED   0x00000003   PAD
    0x2000008c   COMPRESSED   0x00000005   Data   RW         5492    .data               udp_demo.o
    0x20000091   COMPRESSED   0x00000003   PAD
    0x20000094   COMPRESSED   0x00000024   Data   RW         5640    .data               httpd.o
    0x200000b8   COMPRESSED   0x00000018   Data   RW         5763    .data               httpd_cgi_ssi.o
    0x200000d0   COMPRESSED   0x00000001   Data   RW         5818    .data               etharp.o
    0x200000d1   COMPRESSED   0x00000003   PAD
    0x200000d4   COMPRESSED   0x00000012   Data   RW         6061    .data               ip.o
    0x200000e6   COMPRESSED   0x00000002   PAD
    0x200000e8   COMPRESSED   0x00000006   Data   RW         6172    .data               ip_frag.o
    0x200000ee   COMPRESSED   0x00000002   PAD
    0x200000f0   COMPRESSED   0x00000010   Data   RW         6311    .data               mem.o
    0x20000100   COMPRESSED   0x00000004   Data   RW         6355    .data               memp.o
    0x20000104   COMPRESSED   0x00000009   Data   RW         6406    .data               netif.o
    0x2000010d   COMPRESSED   0x00000003   PAD
    0x20000110   COMPRESSED   0x00000004   Data   RW         6609    .data               raw.o
    0x20000114   COMPRESSED   0x00000024   Data   RW         6701    .data               tcp.o
    0x20000138   COMPRESSED   0x00000020   Data   RW         6899    .data               tcp_in.o
    0x20000158   COMPRESSED   0x0000000c   Data   RW         7047    .data               timers.o
    0x20000164   COMPRESSED   0x00000008   Data   RW         7109    .data               udp.o
    0x2000016c   COMPRESSED   0x00000004   Data   RW         7566    .data               mc_w.l(stdout.o)
    0x20000170        -       0x0000000c   Zero   RW         3917    .bss                stm32f4x7_eth.o
    0x2000017c        -       0x000000c8   Zero   RW         4477    .bss                usart.o
    0x20000244        -       0x00000028   Zero   RW         4983    .bss                rtc.o
    0x2000026c   COMPRESSED   0x00000014   PAD
    0x20000280        -       0x0001a900   Zero   RW         5145    .bss                malloc.o
    0x2001ab80        -       0x00000048   Zero   RW         5222    .bss                lwip_comm.o
    0x2001abc8        -       0x000000c8   Zero   RW         5324    .bss                tcp_client_demo.o
    0x2001ac90        -       0x000000c8   Zero   RW         5413    .bss                tcp_server_demo.o
    0x2001ad58        -       0x000000c8   Zero   RW         5490    .bss                udp_demo.o
    0x2001ae20        -       0x000000f0   Zero   RW         5566    .bss                fs.o
    0x2001af10        -       0x00000400   Zero   RW         5637    .bss                httpd.o
    0x2001b310        -       0x000000c8   Zero   RW         5815    .bss                etharp.o
    0x2001b3d8        -       0x00000028   Zero   RW         6353    .bss                memp.o
    0x2001b400        -       0x00000010   Zero   RW         6898    .bss                tcp_in.o
    0x2001b410        -       0x00000800   Zero   RW          369    STACK               startup_stm32f40_41xxx.o



  Load Region LR$$.ARM.__AT_0x10000000 (Base: 0x10000000, Size: 0x00000000, Max: 0x0000f000, ABSOLUTE)

    Execution Region ER$$.ARM.__AT_0x10000000 (Exec base: 0x10000000, Load base: 0x10000000, Size: 0x0000f000, Max: 0x0000f000, ABSOLUTE, UNINIT)

    Exec Addr    Load Addr    Size         Type   Attr      Idx    E Section Name        Object

    0x10000000        -       0x0000f000   Zero   RW         5141    .ARM.__AT_0x10000000  malloc.o



  Load Region LR$$.ARM.__AT_0x1000F000 (Base: 0x1000f000, Size: 0x00000000, Max: 0x00000f00, ABSOLUTE)

    Execution Region ER$$.ARM.__AT_0x1000F000 (Exec base: 0x1000f000, Load base: 0x1000f000, Size: 0x00000f00, Max: 0x00000f00, ABSOLUTE, UNINIT)

    Exec Addr    Load Addr    Size         Type   Attr      Idx    E Section Name        Object

    0x1000f000        -       0x00000f00   Zero   RW         5142    .ARM.__AT_0x1000F000  malloc.o



  Load Region LR$$.ARM.__AT_0x68000000 (Base: 0x68000000, Size: 0x00000000, Max: 0x000f0000, ABSOLUTE)

    Execution Region ER$$.ARM.__AT_0x68000000 (Exec base: 0x68000000, Load base: 0x68000000, Size: 0x000f0000, Max: 0x000f0000, ABSOLUTE, UNINIT)

    Exec Addr    Load Addr    Size         Type   Attr      Idx    E Section Name        Object

    0x68000000        -       0x000f0000   Zero   RW         5143    .ARM.__AT_0x68000000  malloc.o



  Load Region LR$$.ARM.__AT_0x680F0000 (Base: 0x680f0000, Size: 0x00000000, Max: 0x0000f000, ABSOLUTE)

    Execution Region ER$$.ARM.__AT_0x680F0000 (Exec base: 0x680f0000, Load base: 0x680f0000, Size: 0x0000f000, Max: 0x0000f000, ABSOLUTE, UNINIT)

    Exec Addr    Load Addr    Size         Type   Attr      Idx    E Section Name        Object

    0x680f0000        -       0x0000f000   Zero   RW         5144    .ARM.__AT_0x680F0000  malloc.o


==============================================================================

Image component sizes


      Code (inc. data)   RO Data    RW Data    ZI Data      Debug   Object Name

       200         16          0          0          0       1516   adc.o
        84          4          0          0          0        724   adc_temp.o
        64          6          0          0          0        620   beep.o
        62          0          0          0          0       2628   def.o
      3972       1276         80          1        200      15025   etharp.o
       546        132          0          0          0       7160   ethernetif.o
       272         16      61632          0        240       8508   fs.o
      5298       1552        154         36       1024      23106   httpd.o
       396         64         22         24          0       4659   httpd_cgi_ssi.o
      1080        458          0          0          0       4310   icmp.o
         0          0          0          0          0       3928   inet.o
       200          0          0          0          0       3121   inet_chksum.o
        28          0          0          0          0        624   init.o
      1036        264          0         18          0       8841   ip.o
        78          0          8          0          0       7670   ip_addr.o
      2966        928          0          6          0      11980   ip_frag.o
       228         20          0          1          0       1414   key.o
       946         90          0         16          0       7841   lan8720.o
        88          6          0          0          0        627   led.o
       776        254          0         12         72      21122   lwip_comm.o
      1184        428          0          0          0     377262   main.o
       504         60         36         36    1218560       7427   malloc.o
      1912        794          0         16          0       5929   mem.o
       520        282         40          4         40       4522   memp.o
       180         24          0          0          0       2713   misc.o
       484        130          0          9          0       8694   netif.o
      4110       1778          0          0          0      12279   pbuf.o
       116         14          0          4          0       1824   raw.o
       454         84          0          8         40       4484   rtc.o
       716         22          0          0          0       1069   sram.o
        36          8        392          0       2048        920   startup_stm32f40_41xxx.o
      1680        148          0         16         12      18101   stm32f4x7_eth.o
       418         34          0          0          0       7489   stm32f4xx_adc.o
        12          6          0          0          0        693   stm32f4xx_exti.o
       348         12          0          0          0       2489   stm32f4xx_fsmc.o
       222          0          0          0          0       3655   stm32f4xx_gpio.o
        26          0          0          0          0       5006   stm32f4xx_it.o
        12          6          0          0          0        682   stm32f4xx_pwr.o
       572         72          0         16          0       9952   stm32f4xx_rcc.o
      1038         78          0          0          0      12122   stm32f4xx_rtc.o
        12          6          0          0          0        730   stm32f4xx_syscfg.o
       214         28          0          0          0       4610   stm32f4xx_tim.o
       456          8          0          0          0       7443   stm32f4xx_usart.o
        12          6          0          0          0        570   sys_arch.o
       340         32          0          0          0       1869   system_stm32f4xx.o
       192         12          0          4          0       2302   systick.o
      5936       2060        197         36          0      37626   tcp.o
      2194        482         41          5        200      10156   tcp_client_demo.o
      6272       1172          0         32         16      17883   tcp_in.o
      5068       1392         85          0          0      17407   tcp_out.o
      1836        374         41          5        200      10286   tcp_server_demo.o
      2022        104      18712         12          0      15138   tftlcd.o
       192         24          0          0          0       1944   time.o
       540        208          0         12          0       4521   timers.o
      1530        368          0          8          0      12462   udp.o
      1534        352         39          5        200       7817   udp_demo.o
       352         26          0          2        200       2916   usart.o

    ----------------------------------------------------------------------
     61658      15720      81528        364    1223072     778416   Object Totals
         0          0         32          0          0          0   (incl. Generated)
        92          0         17         20         20          0   (incl. Padding)

    ----------------------------------------------------------------------

      Code (inc. data)   RO Data    RW Data    ZI Data      Debug   Library Member Name

        86          0          0          0          0          0   __dczerorl2.o
         0          0          0          0          0          0   entry.o
         0          0          0          0          0          0   entry10a.o
         0          0          0          0          0          0   entry11a.o
         8          4          0          0          0          0   entry2.o
         4          0          0          0          0          0   entry5.o
         0          0          0          0          0          0   entry7b.o
         0          0          0          0          0          0   entry8b.o
         8          4          0          0          0          0   entry9a.o
        30          0          0          0          0          0   handlers.o
        36          8          0          0          0         68   init.o
        30          0          0          0          0         68   llshl.o
        32          0          0          0          0         68   llushr.o
        26          0          0          0          0         80   memcmp.o
        36          0          0          0          0         68   memcpya.o
        36          0          0          0          0        108   memseta.o
       786         62          0          0          0        336   printf5.o
         0          0          0          4          0          0   stdout.o
        20          0          0          0          0         68   strchr.o
        28          0          0          0          0         76   strcmp.o
        14          0          0          0          0         68   strlen.o
        30          0          0          0          0         80   strncmp.o
        36          0          0          0          0         80   strstr.o
        98          0          0          0          0         92   uldiv.o

    ----------------------------------------------------------------------
      1350         78          0          4          0       1260   Library Totals
         6          0          0          0          0          0   (incl. Padding)

    ----------------------------------------------------------------------

      Code (inc. data)   RO Data    RW Data    ZI Data      Debug   Library Name

      1344         78          0          4          0       1260   mc_w.l

    ----------------------------------------------------------------------
      1350         78          0          4          0       1260   Library Totals

    ----------------------------------------------------------------------

==============================================================================


      Code (inc. data)   RO Data    RW Data    ZI Data      Debug   

     63008      15798      81528        368    1223072     744336   Grand Totals
     63008      15798      81528         96    1223072     744336   ELF Image Totals (compressed)
     63008      15798      81528         96          0          0   ROM Totals

==============================================================================

    Total RO  Size (Code + RO Data)               144536 ( 141.15kB)
    Total RW  Size (RW Data + ZI Data)           1223440 (1194.77kB)
    Total ROM Size (Code + RO Data + RW Data)     144632 ( 141.24kB)

==============================================================================

