<html>
<body>
<pre>
<h1>礦ision Build Log</h1>
<h2>Tool Versions:</h2>
IDE-Version: μVision V5.24.2.0
Copyright (C) 2017 ARM Ltd and ARM Germany GmbH. All rights reserved.
License Information: a a, aa, LIC=47GU5-GFV8H-8TY3P-MC5HI-X6RJD-LGQKE
 
Tool Versions:
Toolchain:       MDK-ARM Plus  Version: 5.24.1
Toolchain Path:  D:\Keil5\ARM\ARMCC\Bin
C Compiler:      Armcc.exe V5.06 update 5 (build 528)
Assembler:       Armasm.exe V5.06 update 5 (build 528)
Linker/Locator:  ArmLink.exe V5.06 update 5 (build 528)
Library Manager: ArmAr.exe V5.06 update 5 (build 528)
Hex Converter:   FromElf.exe V5.06 update 5 (build 528)
CPU DLL:         SARMCM3.DLL V5.24.1
Dialog DLL:      DCM.DLL V1.16.0.0
Target DLL:      CMSIS_AGDI.dll V1.28.3.0
Dialog DLL:      TCM.DLL V1.32.0.0
 
<h2>Project:</h2>
C:\Users\Administrator\Desktop\麒麟f407\0--麒麟F407综合实验程序\0--麒麟F407综合实验程序\52-LwIP以太网实验\52-LwIP以太网实验\Template.uvprojx
Project File Date:  06/17/2026

<h2>Output:</h2>
*** Using Compiler 'V5.06 update 5 (build 528)', folder: 'D:\Keil5\ARM\ARMCC\Bin'
Rebuild target 'Target 1'
assembling startup_stm32f40_41xxx.s...
compiling stm32f4xx_pwr.c...
compiling stm32f4xx_syscfg.c...
compiling stm32f4xx_gpio.c...
compiling stm32f4xx_iwdg.c...
compiling stm32f4xx_it.c...
compiling stm32f4xx_wwdg.c...
compiling stm32f4xx_rcc.c...
compiling misc.c...
compiling stm32f4xx_rng.c...
compiling stm32f4xx_usart.c...
compiling stm32f4xx_dac.c...
compiling stm32f4xx_exti.c...
compiling stm32f4xx_adc.c...
compiling stm32f4xx_tim.c...
compiling main.c...
compiling stm32f4xx_dma.c...
compiling stm32f4xx_can.c...
compiling stm32f4xx_rtc.c...
compiling stm32f4xx_fsmc.c...
compiling stm32f4xx_spi.c...
compiling stm32f4xx_flash.c...
compiling stm32f4xx_sdio.c...
compiling stm32f4x7_eth.c...
compiling system_stm32f4xx.c...
compiling system.c...
compiling SysTick.c...
compiling usart.c...
compiling adc_temp.c...
compiling led.c...
compiling adc.c...
compiling beep.c...
compiling tftlcd.c...
APP\tftlcd\tftlcd.c(1117): warning:  #550-D: variable "b"  was set but never used
   	u16 r=0,g=0,b=0;
APP\tftlcd\tftlcd.c(1118): warning:  #177-D: variable "r1"  was declared but never referenced
  	u16 r1,r2,r3;
APP\tftlcd\tftlcd.c(1118): warning:  #177-D: variable "r2"  was declared but never referenced
  	u16 r1,r2,r3;
APP\tftlcd\tftlcd.c(1118): warning:  #177-D: variable "r3"  was declared but never referenced
  	u16 r1,r2,r3;
APP\tftlcd\tftlcd.c(1119): warning:  #177-D: variable "value"  was declared but never referenced
  	u32 value;
APP\tftlcd\tftlcd.c: 5 warnings, 0 errors
compiling key.c...
compiling lan8720.c...
compiling rtc.c...
compiling sram.c...
compiling time.c...
compiling malloc.c...
compiling fs.c...
compiling lwip_comm.c...
compiling tcp_client_demo.c...
compiling tcp_server_demo.c...
compiling udp_demo.c...
compiling etharp.c...
compiling httpd_cgi_ssi.c...
compiling httpd.c...
compiling ip_addr.c...
compiling igmp.c...
compiling def.c...
compiling ip.c...
compiling autoip.c...
compiling dhcp.c...
compiling dns.c...
compiling inet.c...
compiling inet_chksum.c...
compiling icmp.c...
compiling init.c...
compiling ip_frag.c...
compiling ethernetif.c...
compiling lwip_sys.c...
compiling mem.c...
compiling memp.c...
compiling netif.c...
compiling pbuf.c...
compiling raw.c...
compiling netbuf.c...
compiling api_msg.c...
compiling sockets.c...
compiling netifapi.c...
compiling err.c...
compiling api_lib.c...
compiling tcpip.c...
compiling stats.c...
compiling netdb.c...
compiling tcp_out.c...
LWIP\lwip-1.4.1\src\core\tcp_out.c(845): warning:  #550-D: variable "tcphdr"  was set but never used
    struct tcp_hdr *tcphdr;
LWIP\lwip-1.4.1\src\core\tcp_out.c(1367): warning:  #550-D: variable "tcphdr"  was set but never used
    struct tcp_hdr *tcphdr;
LWIP\lwip-1.4.1\src\core\tcp_out.c: 2 warnings, 0 errors
compiling timers.c...
compiling udp.c...
compiling tcp.c...
compiling tcp_in.c...
compiling sys_arch.c...
linking...
Program Size: Code=63008 RO-data=81528 RW-data=368 ZI-data=1223072  
FromELF: creating hex file...
".\Obj\Template.axf" - 0 Error(s), 7 Warning(s).

<h2>Software Packages used:</h2>

Package Vendor: Keil
                http://www.keil.com/pack/Keil.STM32F4xx_DFP.2.16.0.pack
                Keil.STM32F4xx_DFP.2.16.0
                STMicroelectronics STM32F4 Series Device Support, Drivers and Examples

<h2>Collection of Component include folders:</h2>
  .\RTE\_Target_1
  D:\Keil5\ARM\PACK\Keil\STM32F4xx_DFP\2.16.0\Drivers\CMSIS\Device\ST\STM32F4xx\Include

<h2>Collection of Component Files used:</h2>
Build Time Elapsed:  00:00:09
</pre>
</body>
</html>
